

================================================================
== Synthesis Summary Report of 'calculate_pseudoimage'
================================================================
+ General Information: 
    * Date:           Fri Dec 19 23:51:07 2025
    * Version:        2025.2 (Build 6295257 on Nov 14 2025)
    * Project:        hls_component
    * Solution:       hls (Vivado IP Flow Target)
    * Product family: kintexu
    * Target device:  xcku025-ffva1156-2-e
    

* Performance & Resource Estimates: 
+---------------------------------------------------+--------+-------------------+----------+---------+------+----------+---------+-----------+-------+---------+---------+------------+-----------+-----+
|                      Modules                      |  Issue |                   | Iteration|         | Trip |          |       Latency       |       |         |         |            |           |     |
|                      & Loops                      |  Type  |   Violation Type  |  Latency | Interval| Count| Pipelined| (cycles)|    (ns)   | Slack |  BRAM   |   DSP   |     FF     |    LUT    | URAM|
+---------------------------------------------------+--------+-------------------+----------+---------+------+----------+---------+-----------+-------+---------+---------+------------+-----------+-----+
|+ calculate_pseudoimage                            |  Timing|                  -|         -|        -|     -|        no|        -|          -|  -3.38|  4 (~0%)|  37 (3%)|   5034 (1%)|  9920 (6%)|    -|
| + calculate_pseudoimage_Pipeline_1                |       -|                  -|         -|        -|     -|       yes|     1001|  1.001e+04|   4.91|        -|        -|    12 (~0%)|   61 (~0%)|    -|
|  o Loop 1                                         |       -|                  -|         1|        1|  1000|       yes|      999|  9.990e+03|   7.30|        -|        -|           -|          -|    -|
| + calculate_pseudoimage_Pipeline_collection_loop  |       -|                  -|         -|        -|     -|       yes|     2032|  2.032e+04|   1.37|        -|        -|   824 (~0%)|  4470 (3%)|    -|
|  o collection_loop                                |      II|  Memory Dependency|        33|        2|  1000|       yes|     2030|  2.030e+04|   7.30|        -|        -|           -|          -|    -|
| o computation_loop                                |       -|                  -|         -|        -|     -|        no|        -|          -|   7.30|        -|        -|           -|          -|    -|
|  + calculate_pseudoimage_Pipeline_sum_loop        |  Timing|                  -|         -|        -|     -|       yes|        -|          -|  -3.38|        -|        -|   360 (~0%)|  272 (~0%)|    -|
|   o sum_loop                                      |      II|  Memory Dependency|         8|        4|     -|       yes|        -|          -|   7.30|        -|        -|           -|          -|    -|
|  + calculate_pseudoimage_Pipeline_assign_loop     |       -|                  -|         -|        -|     -|       yes|        -|          -|   2.23|        -|  12 (1%)|  2088 (~0%)|  3262 (2%)|    -|
|   o assign_loop                                   |       -|                  -|         6|        1|     -|       yes|        -|          -|   7.30|        -|        -|           -|          -|    -|
+---------------------------------------------------+--------+-------------------+----------+---------+------+----------+---------+-----------+-------+---------+---------+------------+-----------+-----+
    II Violation Information: docs.amd.com/access/sources/dita/topic?Doc_Version=2025.2%20English&url=ug1448-hls-guidance&resourceid=200-880.html
    Name Prefix: '+' for module, 'o' for loop, '*' for dataflow


================================================================
== HW Interfaces
================================================================
* AP_MEMORY
+----------------------------+-----------+----------+
| Port                       | Direction | Bitwidth |
+----------------------------+-----------+----------+
| pointcloud_address0        | out       | 10       |
| pointcloud_q0              | in        | 256      |
| pseudoimage_count_address0 | out       | 14       |
| pseudoimage_count_d0       | out       | 32       |
| pseudoimage_count_q0       | in        | 32       |
| pseudoimage_data_address0  | out       | 20       |
| pseudoimage_data_address1  | out       | 20       |
| pseudoimage_data_d0        | out       | 576      |
| pseudoimage_data_q0        | in        | 576      |
| pseudoimage_data_q1        | in        | 576      |
+----------------------------+-----------+----------+

* TOP LEVEL CONTROL
+-----------+------------+-----------------------------------+
| Interface | Type       | Ports                             |
+-----------+------------+-----------------------------------+
| ap_clk    | clock      | ap_clk                            |
| ap_rst    | reset      | ap_rst                            |
| ap_ctrl   | ap_ctrl_hs | ap_done ap_idle ap_ready ap_start |
+-----------+------------+-----------------------------------+


================================================================
== SW I/O Information
================================================================
* Top Function Arguments
+-------------+-----------+---------------------+
| Argument    | Direction | Datatype            |
+-------------+-----------+---------------------+
| pointcloud  | in        | cloud_point const * |
| pseudoimage | inout     | pillar*             |
+-------------+-----------+---------------------+

* SW-to-HW Mapping
+-------------+----------------------------+---------+----------+
| Argument    | HW Interface               | HW Type | HW Usage |
+-------------+----------------------------+---------+----------+
| pointcloud  | pointcloud_address0        | port    | offset   |
| pointcloud  | pointcloud_ce0             | port    |          |
| pointcloud  | pointcloud_q0              | port    |          |
| pseudoimage | pseudoimage_count_address0 | port    | offset   |
| pseudoimage | pseudoimage_count_ce0      | port    |          |
| pseudoimage | pseudoimage_count_we0      | port    |          |
| pseudoimage | pseudoimage_count_d0       | port    |          |
| pseudoimage | pseudoimage_count_q0       | port    |          |
| pseudoimage | pseudoimage_data_address0  | port    | offset   |
| pseudoimage | pseudoimage_data_ce0       | port    |          |
| pseudoimage | pseudoimage_data_we0       | port    |          |
| pseudoimage | pseudoimage_data_d0        | port    |          |
| pseudoimage | pseudoimage_data_q0        | port    |          |
| pseudoimage | pseudoimage_data_address1  | port    | offset   |
| pseudoimage | pseudoimage_data_ce1       | port    |          |
| pseudoimage | pseudoimage_data_q1        | port    |          |
+-------------+----------------------------+---------+----------+


================================================================
== Bind Op Report
================================================================
+---------------------------------------------------+-----+--------+----------------+--------+-----------+---------+
| Name                                              | DSP | Pragma | Variable       | Op     | Impl      | Latency |
+---------------------------------------------------+-----+--------+----------------+--------+-----------+---------+
| + calculate_pseudoimage                           | 37  |        |                |        |           |         |
|   icmp_ln52_fu_216_p2                             |     |        | icmp_ln52      | seteq  | auto      | 0       |
|   add_ln52_fu_221_p2                              |     |        | add_ln52       | add    | fabric    | 0       |
|   add_ln60_fu_254_p2                              |     |        | add_ln60       | add    | fabric    | 0       |
|   uitodp_32ns_64_4_no_dsp_1_U37                   |     |        | conv1          | uitodp | auto      | 3       |
|   ddiv_64ns_64ns_64_22_no_dsp_1_U34               |     |        | avg_x          | ddiv   | fabric    | 21      |
|   ddiv_64ns_64ns_64_22_no_dsp_1_U35               |     |        | avg_y          | ddiv   | fabric    | 21      |
|   ddiv_64ns_64ns_64_22_no_dsp_1_U36               |     |        | avg_z          | ddiv   | fabric    | 21      |
|   uitodp_32ns_64_4_no_dsp_1_U37                   |     |        | conv2          | uitodp | auto      | 3       |
|   dmul_64ns_64ns_64_5_max_dsp_1_U32               | 11  |        | mul            | dmul   | maxdsp    | 4       |
|   dmul_64ns_64ns_64_5_max_dsp_1_U32               | 11  |        | div5           | dmul   | maxdsp    | 4       |
|   uitodp_32ns_64_4_no_dsp_1_U38                   |     |        | conv3          | uitodp | auto      | 3       |
|   dmul_64ns_64ns_64_5_max_dsp_1_U33               | 11  |        | mul1           | dmul   | maxdsp    | 4       |
|   dmul_64ns_64ns_64_5_max_dsp_1_U33               | 11  |        | div6           | dmul   | maxdsp    | 4       |
|  + calculate_pseudoimage_Pipeline_1               | 0   |        |                |        |           |         |
|    add_ln29_fu_72_p2                              |     |        | add_ln29       | add    | fabric    | 0       |
|    icmp_ln29_fu_78_p2                             |     |        | icmp_ln29      | seteq  | auto      | 0       |
|  + calculate_pseudoimage_Pipeline_collection_loop | 0   |        |                |        |           |         |
|    icmp_ln32_fu_217_p2                            |     |        | icmp_ln32      | seteq  | auto      | 0       |
|    add_ln32_fu_223_p2                             |     |        | add_ln32       | add    | fabric    | 0       |
|    add_ln486_fu_271_p2                            |     |        | add_ln486      | add    | fabric    | 0       |
|    sub_ln71_fu_285_p2                             |     |        | sub_ln71       | sub    | fabric    | 0       |
|    select_ln71_fu_295_p3                          |     |        | select_ln71    | select | auto_sel  | 0       |
|    lshr_ln71_fu_311_p2                            |     |        | lshr_ln71      | lshr   | auto_pipe | 0       |
|    shl_ln71_fu_317_p2                             |     |        | shl_ln71       | shl    | auto_pipe | 0       |
|    select_ln71_1_fu_343_p3                        |     |        | select_ln71_1  | select | auto_sel  | 0       |
|    add_ln486_1_fu_533_p2                          |     |        | add_ln486_1    | add    | fabric    | 0       |
|    sub_ln71_1_fu_547_p2                           |     |        | sub_ln71_1     | sub    | fabric    | 0       |
|    select_ln71_2_fu_556_p3                        |     |        | select_ln71_2  | select | auto_sel  | 0       |
|    lshr_ln71_1_fu_572_p2                          |     |        | lshr_ln71_1    | lshr   | auto_pipe | 0       |
|    shl_ln71_1_fu_578_p2                           |     |        | shl_ln71_1     | shl    | auto_pipe | 0       |
|    val_fu_604_p3                                  |     |        | val            | select | auto_sel  | 0       |
|    add_ln486_2_fu_389_p2                          |     |        | add_ln486_2    | add    | fabric    | 0       |
|    sub_ln71_2_fu_403_p2                           |     |        | sub_ln71_2     | sub    | fabric    | 0       |
|    select_ln71_4_fu_413_p3                        |     |        | select_ln71_4  | select | auto_sel  | 0       |
|    lshr_ln71_2_fu_429_p2                          |     |        | lshr_ln71_2    | lshr   | auto_pipe | 0       |
|    shl_ln71_2_fu_435_p2                           |     |        | shl_ln71_2     | shl    | auto_pipe | 0       |
|    select_ln71_5_fu_461_p3                        |     |        | select_ln71_5  | select | auto_sel  | 0       |
|    add_ln486_3_fu_632_p2                          |     |        | add_ln486_3    | add    | fabric    | 0       |
|    sub_ln71_3_fu_646_p2                           |     |        | sub_ln71_3     | sub    | fabric    | 0       |
|    select_ln71_6_fu_655_p3                        |     |        | select_ln71_6  | select | auto_sel  | 0       |
|    lshr_ln71_3_fu_671_p2                          |     |        | lshr_ln71_3    | lshr   | auto_pipe | 0       |
|    shl_ln71_3_fu_677_p2                           |     |        | shl_ln71_3     | shl    | auto_pipe | 0       |
|    val_1_fu_703_p3                                |     |        | val_1          | select | auto_sel  | 0       |
|    add_ln36_fu_723_p2                             |     |        | add_ln36       | add    | fabric    | 0       |
|    icmp_ln37_fu_755_p2                            |     |        | icmp_ln37      | seteq  | auto      | 0       |
|    icmp_ln38_fu_761_p2                            |     |        | icmp_ln38      | seteq  | auto      | 0       |
|    pillar_count_1_fu_770_p2                       |     |        | pillar_count_1 | add    | fabric    | 0       |
|    add_ln43_fu_785_p2                             |     |        | add_ln43       | add    | fabric    | 0       |
|    add_ln48_fu_796_p2                             |     |        | add_ln48       | add    | fabric    | 0       |
|  + calculate_pseudoimage_Pipeline_sum_loop        | 0   |        |                |        |           |         |
|    icmp_ln60_fu_139_p2                            |     |        | icmp_ln60      | seteq  | auto      | 0       |
|    add_ln60_fu_145_p2                             |     |        | add_ln60       | add    | fabric    | 0       |
|    add_ln61_fu_155_p2                             |     |        | add_ln61       | add    | fabric    | 0       |
|  + calculate_pseudoimage_Pipeline_assign_loop     | 12  |        |                |        |           |         |
|    icmp_ln69_fu_153_p2                            |     |        | icmp_ln69      | seteq  | auto      | 0       |
|    add_ln69_fu_159_p2                             |     |        | add_ln69       | add    | fabric    | 0       |
|    add_ln70_fu_169_p2                             |     |        | add_ln70       | add    | fabric    | 0       |
|    dsub_64ns_64ns_64_5_full_dsp_1_U19             | 3   |        | sub1           | dsub   | fulldsp   | 4       |
|    dsub_64ns_64ns_64_5_full_dsp_1_U20             | 3   |        | sub2           | dsub   | fulldsp   | 4       |
|    dsub_64ns_64ns_64_5_full_dsp_1_U21             | 3   |        | sub3           | dsub   | fulldsp   | 4       |
|    dsub_64ns_64ns_64_5_full_dsp_1_U22             | 3   |        | sub4           | dsub   | fulldsp   | 4       |
+---------------------------------------------------+-----+--------+----------------+--------+-----------+---------+


================================================================
== Storage Report
================================================================
+-------------------------+--------------+------+------+------+--------+---------------+------+---------+------------------+
| Name                    | Usage        | Type | BRAM | URAM | Pragma | Variable      | Impl | Latency | Bitwidth, Depth, |
|                         |              |      |      |      |        |               |      |         | Banks            |
+-------------------------+--------------+------+------+------+--------+---------------+------+---------+------------------+
| + calculate_pseudoimage |              |      | 4    | 0    |        |               |      |         |                  |
|   indices_U             | ram_1p array |      | 2    |      |        | indices       | auto | 1       | 32, 1000, 1      |
|   indices_first_U       | ram_1p array |      | 2    |      |        | indices_first | auto | 1       | 32, 1000, 1      |
+-------------------------+--------------+------+------+------+--------+---------------+------+---------+------------------+


================================================================
== Pragma Report
================================================================
* Inferred Pragmas
+----------+---------+----------------------------------------------------------------------------+-------------------------------+
| Type     | Options | Location                                                                   | Inferred From                 |
+----------+---------+----------------------------------------------------------------------------+-------------------------------+
| PIPELINE |         | loop anonymous (PFN.cpp:29:35) in calculate_pseudoimage (PFN.cpp:29)       | syn.compile.pipeline_loops=64 |
| PIPELINE |         | loop collection_loop (PFN.cpp:32:22) in calculate_pseudoimage (PFN.cpp:32) | syn.compile.pipeline_loops=64 |
| PIPELINE |         | loop assign_loop (PFN.cpp:69:22) in calculate_pseudoimage (PFN.cpp:69)     | syn.compile.pipeline_loops=64 |
| PIPELINE |         | loop sum_loop (PFN.cpp:60:19) in calculate_pseudoimage (PFN.cpp:60)        | syn.compile.pipeline_loops=64 |
+----------+---------+----------------------------------------------------------------------------+-------------------------------+


