

================================================================
== Synthesis Summary Report of 'calculate_pseudoimage'
================================================================
+ General Information: 
    * Date:           Fri Dec 19 19:20:36 2025
    * Version:        2025.2 (Build 6295257 on Nov 14 2025)
    * Project:        hls_component
    * Solution:       hls (Vivado IP Flow Target)
    * Product family: kintexu
    * Target device:  xcku025-ffva1156-2-e
    

* Performance & Resource Estimates: 
+-------------------------+------+-------------------+----------+---------+------+----------+---------+-----------+------+------+----+----------+-------------+-----+
|         Modules         | Issue|                   | Iteration|         | Trip |          |       Latency       |      |      |    |          |             |     |
|         & Loops         | Type |   Violation Type  |  Latency | Interval| Count| Pipelined| (cycles)|    (ns)   | Slack| BRAM | DSP|    FF    |     LUT     | URAM|
+-------------------------+------+-------------------+----------+---------+------+----------+---------+-----------+------+------+----+----------+-------------+-----+
|+ calculate_pseudoimage  |     -|                  -|         -|     2000|     -|    rewind|     2002|  2.002e+04|  4.16|     -|   -|  80 (~0%)|  48245 (33%)|    -|
| o VITIS_LOOP_19_1       |    II|  Memory Dependency|         3|        2|  1000|       yes|     2000|  2.000e+04|  7.30|     -|   -|         -|            -|    -|
+-------------------------+------+-------------------+----------+---------+------+----------+---------+-----------+------+------+----+----------+-------------+-----+
    II Violation Information: docs.amd.com/access/sources/dita/topic?Doc_Version=2025.2%20English&url=ug1448-hls-guidance&resourceid=200-880.html
    Name Prefix: '+' for module, 'o' for loop, '*' for dataflow


================================================================
== HW Interfaces
================================================================
* AP_MEMORY
+----------------------+-----------+----------+
| Port                 | Direction | Bitwidth |
+----------------------+-----------+----------+
| pointcloud_address0  | out       | 10       |
| pointcloud_q0        | in        | 32       |
| pseudoimage_address0 | out       | 14       |
| pseudoimage_d0       | out       | 2056     |
| pseudoimage_q0       | in        | 2056     |
+----------------------+-----------+----------+

* TOP LEVEL CONTROL
+-----------+------------+-----------------------------------+
| Interface | Type       | Ports                             |
+-----------+------------+-----------------------------------+
| ap_clk    | clock      | ap_clk                            |
| ap_rst    | reset      | ap_rst                            |
| ap_ctrl   | ap_ctrl_hs | ap_done ap_idle ap_ready ap_start |
+-----------+------------+-----------------------------------+


================================================================
== SW I/O Information
================================================================
* Top Function Arguments
+-------------+-----------+----------+
| Argument    | Direction | Datatype |
+-------------+-----------+----------+
| pointcloud  | in        | point*   |
| pseudoimage | inout     | pillar*  |
+-------------+-----------+----------+

* SW-to-HW Mapping
+-------------+----------------------+---------+----------+
| Argument    | HW Interface         | HW Type | HW Usage |
+-------------+----------------------+---------+----------+
| pointcloud  | pointcloud_address0  | port    | offset   |
| pointcloud  | pointcloud_ce0       | port    |          |
| pointcloud  | pointcloud_q0        | port    |          |
| pseudoimage | pseudoimage_address0 | port    | offset   |
| pseudoimage | pseudoimage_ce0      | port    |          |
| pseudoimage | pseudoimage_we0      | port    |          |
| pseudoimage | pseudoimage_d0       | port    |          |
| pseudoimage | pseudoimage_q0       | port    |          |
+-------------+----------------------+---------+----------+


================================================================
== Bind Op Report
================================================================
+-------------------------+-----+--------+------------+-------+-----------+---------+
| Name                    | DSP | Pragma | Variable   | Op    | Impl      | Latency |
+-------------------------+-----+--------+------------+-------+-----------+---------+
| + calculate_pseudoimage | 0   |        |            |       |           |         |
|   add_ln23_fu_218_p2    |     |        | add_ln23   | add   | fabric    | 0       |
|   icmp_ln24_fu_243_p2   |     |        | icmp_ln24  | seteq | auto      | 0       |
|   i_3_fu_171_p2         |     |        | i_3        | add   | fabric    | 0       |
|   shl_ln25_fu_295_p2    |     |        | shl_ln25   | shl   | auto_pipe | 0       |
|   shl_ln25_1_fu_308_p2  |     |        | shl_ln25_1 | shl   | auto_pipe | 0       |
|   shl_ln25_2_fu_326_p2  |     |        | shl_ln25_2 | shl   | auto_pipe | 0       |
|   shl_ln25_3_fu_339_p2  |     |        | shl_ln25_3 | shl   | auto_pipe | 0       |
|   shl_ln25_4_fu_357_p2  |     |        | shl_ln25_4 | shl   | auto_pipe | 0       |
|   shl_ln25_5_fu_371_p2  |     |        | shl_ln25_5 | shl   | auto_pipe | 0       |
|   add_ln25_fu_377_p2    |     |        | add_ln25   | add   | fabric    | 0       |
|   shl_ln25_6_fu_387_p2  |     |        | shl_ln25_6 | shl   | auto_pipe | 0       |
|   shl_ln25_7_fu_397_p2  |     |        | shl_ln25_7 | shl   | auto_pipe | 0       |
|   add_ln26_fu_403_p2    |     |        | add_ln26   | add   | fabric    | 0       |
|   xor_ln26_fu_409_p2    |     |        | xor_ln26   | xor   | auto      | 0       |
|   and_ln26_fu_427_p2    |     |        | and_ln26   | and   | auto      | 0       |
|   and_ln26_4_fu_433_p2  |     |        | and_ln26_4 | and   | auto      | 0       |
|   or_ln26_5_fu_439_p2   |     |        | or_ln26_5  | or    | auto      | 0       |
|   xor_ln26_1_fu_473_p2  |     |        | xor_ln26_1 | xor   | auto      | 0       |
|   and_ln26_1_fu_495_p2  |     |        | and_ln26_1 | and   | auto      | 0       |
|   and_ln26_5_fu_501_p2  |     |        | and_ln26_5 | and   | auto      | 0       |
|   or_ln26_fu_507_p2     |     |        | or_ln26    | or    | auto      | 0       |
|   xor_ln26_2_fu_541_p2  |     |        | xor_ln26_2 | xor   | auto      | 0       |
|   and_ln26_2_fu_563_p2  |     |        | and_ln26_2 | and   | auto      | 0       |
|   and_ln26_6_fu_569_p2  |     |        | and_ln26_6 | and   | auto      | 0       |
|   or_ln26_6_fu_575_p2   |     |        | or_ln26_6  | or    | auto      | 0       |
|   xor_ln26_3_fu_599_p2  |     |        | xor_ln26_3 | xor   | auto      | 0       |
|   and_ln26_3_fu_605_p2  |     |        | and_ln26_3 | and   | auto      | 0       |
|   or_ln26_3_fu_611_p2   |     |        | or_ln26_3  | or    | auto      | 0       |
|   icmp_ln19_fu_177_p2   |     |        | icmp_ln19  | seteq | auto      | 0       |
+-------------------------+-----+--------+------------+-------+-----------+---------+


================================================================
== Storage Report
================================================================
  No bind storage info in design

================================================================
== Pragma Report
================================================================
* Inferred Pragmas
+----------+---------+----------------------------------------------------------------------------+-------------------------------+
| Type     | Options | Location                                                                   | Inferred From                 |
+----------+---------+----------------------------------------------------------------------------+-------------------------------+
| PIPELINE |         | loop VITIS_LOOP_19_1 (PFN.cpp:19:22) in calculate_pseudoimage (PFN.cpp:19) | syn.compile.pipeline_loops=64 |
+----------+---------+----------------------------------------------------------------------------+-------------------------------+


