

================================================================
== Vitis HLS Report for 'calculate_pseudoimage'
================================================================
* Date:           Fri Dec 19 23:51:05 2025

* Version:        2025.2 (Build 6295257 on Nov 14 2025)
* Project:        hls_component
* Solution:       hls (Vivado IP Flow Target)
* Product family: kintexu
* Target device:  xcku025-ffva1156-2-e


================================================================
== Performance Estimates
================================================================
+ Timing: 
    * Summary: 
    +--------+----------+-----------+------------+
    |  Clock |  Target  | Estimated | Uncertainty|
    +--------+----------+-----------+------------+
    |ap_clk  |  10.00 ns|  10.676 ns|     2.70 ns|
    +--------+----------+-----------+------------+

+ Latency: 
    * Summary: 
    +---------+---------+----------+----------+-----+-----+---------+
    |  Latency (cycles) |  Latency (absolute) |  Interval | Pipeline|
    |   min   |   max   |    min   |    max   | min | max |   Type  |
    +---------+---------+----------+----------+-----+-----+---------+
    |        ?|        ?|         ?|         ?|    ?|    ?|       no|
    +---------+---------+----------+----------+-----+-----+---------+

    + Detail: 
        * Instance: 
        +-----------------------------------------------------------+------------------------------------------------+---------+---------+-----------+-----------+-----+-----+-------------------+
        |                                                           |                                                |  Latency (cycles) |   Latency (absolute)  |  Interval |      Pipeline     |
        |                          Instance                         |                     Module                     |   min   |   max   |    min    |    max    | min | max |        Type       |
        +-----------------------------------------------------------+------------------------------------------------+---------+---------+-----------+-----------+-----+-----+-------------------+
        |grp_calculate_pseudoimage_Pipeline_1_fu_117                |calculate_pseudoimage_Pipeline_1                |     1001|     1001|  10.010 us|  10.010 us|    0|    0|  loop pipeline stp|
        |grp_calculate_pseudoimage_Pipeline_collection_loop_fu_125  |calculate_pseudoimage_Pipeline_collection_loop  |     2032|     2032|  20.320 us|  20.320 us|    0|    0|  loop pipeline stp|
        |grp_calculate_pseudoimage_Pipeline_sum_loop_fu_138         |calculate_pseudoimage_Pipeline_sum_loop         |        ?|        ?|          ?|          ?|    0|    0|  loop pipeline stp|
        |grp_calculate_pseudoimage_Pipeline_assign_loop_fu_149      |calculate_pseudoimage_Pipeline_assign_loop      |        ?|        ?|          ?|          ?|    0|    0|  loop pipeline stp|
        +-----------------------------------------------------------+------------------------------------------------+---------+---------+-----------+-----------+-----+-----+-------------------+

        * Loop: 
        +--------------------+---------+---------+----------+-----------+-----------+------+----------+
        |                    |  Latency (cycles) | Iteration|  Initiation Interval  | Trip |          |
        |      Loop Name     |   min   |   max   |  Latency |  achieved |   target  | Count| Pipelined|
        +--------------------+---------+---------+----------+-----------+-----------+------+----------+
        |- computation_loop  |        ?|        ?|         ?|          -|          -|     ?|        no|
        +--------------------+---------+---------+----------+-----------+-----------+------+----------+

============================================================
+ Verbose Summary: Synthesis Manager
============================================================
InlineROM: 1
ExposeGlobal: 0
============================================================
+ Verbose Summary: CDFG Model
============================================================
IsTopModel: 1
ResetActiveHigh: 1
IsCombinational: 0
IsDatapathOnly: 0
HasWiredReturn: 1
HasMFsm: 0
HasVarLatency: 1
IsPipeline: 0
IsRtlPipelined: 0
IsInstanceOverlapped: 0
IsDontTouch: 0
HasImplIP: 0
IsGatedGlobalClock: 0


============================================================
+ Verbose Summary: Schedule
============================================================
* Number of FSM states : 35
* Pipeline : 0
* Dataflow Pipeline: 0

* FSM state transitions: 
1 --> 2 
2 --> 3 
3 --> 4 
4 --> 5 
5 --> 6 
6 --> 7 
7 --> 8 
8 --> 9 
9 --> 10 
10 --> 11 
11 --> 12 
12 --> 13 
13 --> 14 
14 --> 15 
15 --> 16 
16 --> 17 
17 --> 18 
18 --> 19 
19 --> 20 
20 --> 21 
21 --> 22 
22 --> 23 
23 --> 24 
24 --> 25 
25 --> 26 
26 --> 27 
27 --> 28 
28 --> 29 
29 --> 30 
30 --> 31 
31 --> 32 
32 --> 33 
33 --> 34 
34 --> 35 
35 --> 6 

* FSM state operations: 

State 1 <SV = 0> <Delay = 1.77>
ST_1 : Operation 36 [1/1] (0.00ns)   --->   "%i_1 = alloca i32 1" [PFN.cpp:52]   --->   Operation 36 'alloca' 'i_1' <Predicate = true> <Delay = 0.00>
ST_1 : Operation 37 [1/1] (0.00ns)   --->   "%avg_x_1_loc = alloca i64 1"   --->   Operation 37 'alloca' 'avg_x_1_loc' <Predicate = true> <Delay = 0.00>
ST_1 : Operation 38 [1/1] (0.00ns)   --->   "%avg_y_1_loc = alloca i64 1"   --->   Operation 38 'alloca' 'avg_y_1_loc' <Predicate = true> <Delay = 0.00>
ST_1 : Operation 39 [1/1] (0.00ns)   --->   "%avg_z_1_loc = alloca i64 1"   --->   Operation 39 'alloca' 'avg_z_1_loc' <Predicate = true> <Delay = 0.00>
ST_1 : Operation 40 [1/1] (0.00ns)   --->   "%pillar_count_loc = alloca i64 1"   --->   Operation 40 'alloca' 'pillar_count_loc' <Predicate = true> <Delay = 0.00>
ST_1 : Operation 41 [1/1] (1.77ns)   --->   "%indices = alloca i64 1" [PFN.cpp:29]   --->   Operation 41 'alloca' 'indices' <Predicate = true> <Delay = 1.77> <CoreInst = "RAM">   --->   Core 82 'RAM' <Latency = 1> <II = 1> <Delay = 1.77> <Storage> <Opcode : 'load' 'store'> <Ports = 2> <Width = 32> <Depth = 1000> <RAM>
ST_1 : Operation 42 [1/1] (1.77ns)   --->   "%indices_first = alloca i64 1" [PFN.cpp:29]   --->   Operation 42 'alloca' 'indices_first' <Predicate = true> <Delay = 1.77> <CoreInst = "RAM">   --->   Core 82 'RAM' <Latency = 1> <II = 1> <Delay = 1.77> <Storage> <Opcode : 'load' 'store'> <Ports = 2> <Width = 32> <Depth = 1000> <RAM>
ST_1 : Operation 43 [2/2] (0.00ns)   --->   "%call_ln0 = call void @calculate_pseudoimage_Pipeline_1, i32 %indices, i32 %indices_first"   --->   Operation 43 'call' 'call_ln0' <Predicate = true> <Delay = 0.00> <CoreType = "Generic">   --->   Generic Core
ST_1 : Operation 44 [1/1] (0.53ns)   --->   "%store_ln52 = store i32 0, i32 %i_1" [PFN.cpp:52]   --->   Operation 44 'store' 'store_ln52' <Predicate = true> <Delay = 0.53>

State 2 <SV = 1> <Delay = 2.39>
ST_2 : Operation 45 [1/2] (2.39ns)   --->   "%call_ln0 = call void @calculate_pseudoimage_Pipeline_1, i32 %indices, i32 %indices_first"   --->   Operation 45 'call' 'call_ln0' <Predicate = true> <Delay = 2.39> <CoreType = "Generic">   --->   Generic Core

State 3 <SV = 2> <Delay = 0.00>
ST_3 : Operation 46 [2/2] (0.00ns)   --->   "%call_ln0 = call void @calculate_pseudoimage_Pipeline_collection_loop, i256 %pointcloud, i32 %pseudoimage_count, i576 %pseudoimage_data, i32 %indices, i32 %indices_first, i32 %pillar_count_loc"   --->   Operation 46 'call' 'call_ln0' <Predicate = true> <Delay = 0.00> <CoreType = "Generic">   --->   Generic Core

State 4 <SV = 3> <Delay = 0.00>
ST_4 : Operation 47 [1/2] (0.00ns)   --->   "%call_ln0 = call void @calculate_pseudoimage_Pipeline_collection_loop, i256 %pointcloud, i32 %pseudoimage_count, i576 %pseudoimage_data, i32 %indices, i32 %indices_first, i32 %pillar_count_loc"   --->   Operation 47 'call' 'call_ln0' <Predicate = true> <Delay = 0.00> <CoreType = "Generic">   --->   Generic Core

State 5 <SV = 4> <Delay = 0.00>
ST_5 : Operation 48 [1/1] (0.00ns)   --->   "%spectopmodule_ln28 = spectopmodule void @_ssdm_op_SpecTopModule, void @empty_1" [PFN.cpp:28]   --->   Operation 48 'spectopmodule' 'spectopmodule_ln28' <Predicate = true> <Delay = 0.00>
ST_5 : Operation 49 [1/1] (0.00ns)   --->   "%specinterface_ln0 = specinterface void @_ssdm_op_SpecInterface, i256 %pointcloud, void @empty, i32 0, i32 0, void @empty_0, i32 4294967295, i32 0, void @empty_0, void @empty_0, void @empty_0, i32 0, i32 0, i32 0, i32 0, void @empty_0, void @empty_0, i32 4294967295, i32 0, i32 0, i32 0"   --->   Operation 49 'specinterface' 'specinterface_ln0' <Predicate = true> <Delay = 0.00>
ST_5 : Operation 50 [1/1] (0.00ns)   --->   "%specbitsmap_ln0 = specbitsmap void @_ssdm_op_SpecBitsMap, i256 %pointcloud"   --->   Operation 50 'specbitsmap' 'specbitsmap_ln0' <Predicate = true> <Delay = 0.00>
ST_5 : Operation 51 [1/1] (0.00ns)   --->   "%specinterface_ln0 = specinterface void @_ssdm_op_SpecInterface, i32 %pseudoimage_count, void @empty, i32 0, i32 0, void @empty_0, i32 4294967295, i32 0, void @empty_0, void @empty_0, void @empty_0, i32 0, i32 0, i32 0, i32 0, void @empty_0, void @empty_0, i32 4294967295, i32 0, i32 0, i32 0"   --->   Operation 51 'specinterface' 'specinterface_ln0' <Predicate = true> <Delay = 0.00>
ST_5 : Operation 52 [1/1] (0.00ns)   --->   "%specbitsmap_ln0 = specbitsmap void @_ssdm_op_SpecBitsMap, i32 %pseudoimage_count"   --->   Operation 52 'specbitsmap' 'specbitsmap_ln0' <Predicate = true> <Delay = 0.00>
ST_5 : Operation 53 [1/1] (0.00ns)   --->   "%specinterface_ln0 = specinterface void @_ssdm_op_SpecInterface, i576 %pseudoimage_data, void @empty, i32 0, i32 0, void @empty_0, i32 4294967295, i32 0, void @empty_0, void @empty_0, void @empty_0, i32 0, i32 0, i32 0, i32 0, void @empty_0, void @empty_0, i32 4294967295, i32 0, i32 0, i32 0"   --->   Operation 53 'specinterface' 'specinterface_ln0' <Predicate = true> <Delay = 0.00>
ST_5 : Operation 54 [1/1] (0.00ns)   --->   "%specbitsmap_ln0 = specbitsmap void @_ssdm_op_SpecBitsMap, i576 %pseudoimage_data"   --->   Operation 54 'specbitsmap' 'specbitsmap_ln0' <Predicate = true> <Delay = 0.00>
ST_5 : Operation 55 [1/1] (0.00ns)   --->   "%pillar_count_loc_load = load i32 %pillar_count_loc"   --->   Operation 55 'load' 'pillar_count_loc_load' <Predicate = true> <Delay = 0.00>
ST_5 : Operation 56 [1/1] (0.00ns)   --->   "%br_ln52 = br void %sum_loop" [PFN.cpp:52]   --->   Operation 56 'br' 'br_ln52' <Predicate = true> <Delay = 0.00>

State 6 <SV = 5> <Delay = 2.02>
ST_6 : Operation 57 [1/1] (0.00ns)   --->   "%i = load i32 %i_1" [PFN.cpp:52]   --->   Operation 57 'load' 'i' <Predicate = true> <Delay = 0.00>
ST_6 : Operation 58 [1/1] (1.48ns)   --->   "%icmp_ln52 = icmp_eq  i32 %i, i32 %pillar_count_loc_load" [PFN.cpp:52]   --->   Operation 58 'icmp' 'icmp_ln52' <Predicate = true> <Delay = 1.48> <CoreInst = "Cmp">   --->   Core 9 'Cmp' <Latency = 0> <II = 1> <Delay = 1.48> <FuncUnit> <Opcode : 'seteq' 'setne' 'setle' 'setge' 'setlt' 'setgt'> <InPorts = 2> <OutPorts = 1>
ST_6 : Operation 59 [1/1] (1.48ns)   --->   "%add_ln52 = add i32 %i, i32 1" [PFN.cpp:52]   --->   Operation 59 'add' 'add_ln52' <Predicate = true> <Delay = 1.48> <CoreInst = "Adder">   --->   Core 1 'Adder' <Latency = 0> <II = 1> <Delay = 1.48> <FuncUnit> <Opcode : 'add' 'sub'> <InPorts = 2> <OutPorts = 1>
ST_6 : Operation 60 [1/1] (0.00ns)   --->   "%br_ln52 = br i1 %icmp_ln52, void %sum_loop.split, void %for.end174" [PFN.cpp:52]   --->   Operation 60 'br' 'br_ln52' <Predicate = true> <Delay = 0.00>
ST_6 : Operation 61 [1/1] (0.00ns)   --->   "%zext_ln52 = zext i32 %i" [PFN.cpp:52]   --->   Operation 61 'zext' 'zext_ln52' <Predicate = (!icmp_ln52)> <Delay = 0.00>
ST_6 : Operation 62 [1/1] (0.00ns)   --->   "%indices_addr = getelementptr i32 %indices, i64 0, i64 %zext_ln52" [PFN.cpp:53]   --->   Operation 62 'getelementptr' 'indices_addr' <Predicate = (!icmp_ln52)> <Delay = 0.00>
ST_6 : Operation 63 [2/2] (1.77ns)   --->   "%x = load i10 %indices_addr" [PFN.cpp:53]   --->   Operation 63 'load' 'x' <Predicate = (!icmp_ln52)> <Delay = 1.77> <CoreInst = "RAM">   --->   Core 82 'RAM' <Latency = 1> <II = 1> <Delay = 1.77> <Storage> <Opcode : 'load' 'store'> <Ports = 2> <Width = 32> <Depth = 1000> <RAM>
ST_6 : Operation 64 [1/1] (0.00ns)   --->   "%indices_first_addr = getelementptr i32 %indices_first, i64 0, i64 %zext_ln52" [PFN.cpp:54]   --->   Operation 64 'getelementptr' 'indices_first_addr' <Predicate = (!icmp_ln52)> <Delay = 0.00>
ST_6 : Operation 65 [2/2] (1.77ns)   --->   "%y = load i10 %indices_first_addr" [PFN.cpp:54]   --->   Operation 65 'load' 'y' <Predicate = (!icmp_ln52)> <Delay = 1.77> <CoreInst = "RAM">   --->   Core 82 'RAM' <Latency = 1> <II = 1> <Delay = 1.77> <Storage> <Opcode : 'load' 'store'> <Ports = 2> <Width = 32> <Depth = 1000> <RAM>
ST_6 : Operation 66 [1/1] (0.53ns)   --->   "%store_ln52 = store i32 %add_ln52, i32 %i_1" [PFN.cpp:52]   --->   Operation 66 'store' 'store_ln52' <Predicate = (!icmp_ln52)> <Delay = 0.53>
ST_6 : Operation 67 [1/1] (0.00ns)   --->   "%ret_ln78 = ret" [PFN.cpp:78]   --->   Operation 67 'ret' 'ret_ln78' <Predicate = (icmp_ln52)> <Delay = 0.00>

State 7 <SV = 6> <Delay = 3.15>
ST_7 : Operation 68 [1/2] ( I:1.77ns O:1.77ns )   --->   "%x = load i10 %indices_addr" [PFN.cpp:53]   --->   Operation 68 'load' 'x' <Predicate = true> <Delay = 1.77> <CoreInst = "RAM">   --->   Core 82 'RAM' <Latency = 1> <II = 1> <Delay = 1.77> <Storage> <Opcode : 'load' 'store'> <Ports = 2> <Width = 32> <Depth = 1000> <RAM>
ST_7 : Operation 69 [1/1] (0.00ns)   --->   "%trunc_ln53 = trunc i32 %x" [PFN.cpp:53]   --->   Operation 69 'trunc' 'trunc_ln53' <Predicate = true> <Delay = 0.00>
ST_7 : Operation 70 [1/2] ( I:1.77ns O:1.77ns )   --->   "%y = load i10 %indices_first_addr" [PFN.cpp:54]   --->   Operation 70 'load' 'y' <Predicate = true> <Delay = 1.77> <CoreInst = "RAM">   --->   Core 82 'RAM' <Latency = 1> <II = 1> <Delay = 1.77> <Storage> <Opcode : 'load' 'store'> <Ports = 2> <Width = 32> <Depth = 1000> <RAM>
ST_7 : Operation 71 [1/1] (0.00ns)   --->   "%tmp_s = bitconcatenate i14 @_ssdm_op_BitConcatenate.i14.i7.i7, i7 %trunc_ln53, i7 0" [PFN.cpp:60]   --->   Operation 71 'bitconcatenate' 'tmp_s' <Predicate = true> <Delay = 0.00>
ST_7 : Operation 72 [1/1] (0.00ns)   --->   "%trunc_ln60 = trunc i32 %y" [PFN.cpp:60]   --->   Operation 72 'trunc' 'trunc_ln60' <Predicate = true> <Delay = 0.00>
ST_7 : Operation 73 [1/1] (1.38ns)   --->   "%add_ln60 = add i14 %tmp_s, i14 %trunc_ln60" [PFN.cpp:60]   --->   Operation 73 'add' 'add_ln60' <Predicate = true> <Delay = 1.38> <CoreInst = "Adder">   --->   Core 1 'Adder' <Latency = 0> <II = 1> <Delay = 1.38> <FuncUnit> <Opcode : 'add' 'sub'> <InPorts = 2> <OutPorts = 1>
ST_7 : Operation 74 [1/1] (0.00ns)   --->   "%zext_ln60 = zext i14 %add_ln60" [PFN.cpp:60]   --->   Operation 74 'zext' 'zext_ln60' <Predicate = true> <Delay = 0.00>
ST_7 : Operation 75 [1/1] (0.00ns)   --->   "%pseudoimage_count_addr = getelementptr i32 %pseudoimage_count, i64 0, i64 %zext_ln60" [PFN.cpp:60]   --->   Operation 75 'getelementptr' 'pseudoimage_count_addr' <Predicate = true> <Delay = 0.00>
ST_7 : Operation 76 [2/2] (0.00ns)   --->   "%pseudoimage_count_load = load i14 %pseudoimage_count_addr" [PFN.cpp:60]   --->   Operation 76 'load' 'pseudoimage_count_load' <Predicate = true> <Delay = 0.00> <CoreInst = "RAM">   --->   Core 82 'RAM' <Latency = 1> <II = 1> <Delay = 1.77> <Storage> <Opcode : 'load' 'store'> <Ports = 2> <Width = 32> <Depth = 16384> <RAM>

State 8 <SV = 7> <Delay = 5.62>
ST_8 : Operation 77 [1/2] ( I:0.00ns O:0.00ns )   --->   "%pseudoimage_count_load = load i14 %pseudoimage_count_addr" [PFN.cpp:60]   --->   Operation 77 'load' 'pseudoimage_count_load' <Predicate = true> <Delay = 0.00> <CoreInst = "RAM">   --->   Core 82 'RAM' <Latency = 1> <II = 1> <Delay = 1.77> <Storage> <Opcode : 'load' 'store'> <Ports = 2> <Width = 32> <Depth = 16384> <RAM>
ST_8 : Operation 78 [4/4] (5.62ns)   --->   "%conv1 = uitodp i32 %pseudoimage_count_load" [PFN.cpp:66]   --->   Operation 78 'uitodp' 'conv1' <Predicate = true> <Delay = 5.62> <CoreInst = "Int2Double">   --->   Core 66 'Int2Double' <Latency = 3> <II = 1> <Delay = 5.62> <FuncUnit> <Opcode : 'uitodp' 'sitodp'> <InPorts = 1> <OutPorts = 1>

State 9 <SV = 8> <Delay = 5.62>
ST_9 : Operation 79 [3/4] (5.62ns)   --->   "%conv1 = uitodp i32 %pseudoimage_count_load" [PFN.cpp:66]   --->   Operation 79 'uitodp' 'conv1' <Predicate = true> <Delay = 5.62> <CoreInst = "Int2Double">   --->   Core 66 'Int2Double' <Latency = 3> <II = 1> <Delay = 5.62> <FuncUnit> <Opcode : 'uitodp' 'sitodp'> <InPorts = 1> <OutPorts = 1>

State 10 <SV = 9> <Delay = 5.62>
ST_10 : Operation 80 [1/1] (0.00ns)   --->   "%tmp = bitconcatenate i20 @_ssdm_op_BitConcatenate.i20.i14.i6, i14 %add_ln60, i6 0" [PFN.cpp:61]   --->   Operation 80 'bitconcatenate' 'tmp' <Predicate = true> <Delay = 0.00>
ST_10 : Operation 81 [2/2] (2.02ns)   --->   "%call_ln60 = call void @calculate_pseudoimage_Pipeline_sum_loop, i32 %pseudoimage_count_load, i20 %tmp, i576 %pseudoimage_data, i64 %avg_z_1_loc, i64 %avg_y_1_loc, i64 %avg_x_1_loc" [PFN.cpp:60]   --->   Operation 81 'call' 'call_ln60' <Predicate = true> <Delay = 2.02> <CoreType = "Generic">   --->   Generic Core
ST_10 : Operation 82 [2/4] (5.62ns)   --->   "%conv1 = uitodp i32 %pseudoimage_count_load" [PFN.cpp:66]   --->   Operation 82 'uitodp' 'conv1' <Predicate = true> <Delay = 5.62> <CoreInst = "Int2Double">   --->   Core 66 'Int2Double' <Latency = 3> <II = 1> <Delay = 5.62> <FuncUnit> <Opcode : 'uitodp' 'sitodp'> <InPorts = 1> <OutPorts = 1>

State 11 <SV = 10> <Delay = 5.62>
ST_11 : Operation 83 [1/2] (0.00ns)   --->   "%call_ln60 = call void @calculate_pseudoimage_Pipeline_sum_loop, i32 %pseudoimage_count_load, i20 %tmp, i576 %pseudoimage_data, i64 %avg_z_1_loc, i64 %avg_y_1_loc, i64 %avg_x_1_loc" [PFN.cpp:60]   --->   Operation 83 'call' 'call_ln60' <Predicate = true> <Delay = 0.00> <CoreType = "Generic">   --->   Generic Core
ST_11 : Operation 84 [1/4] (5.62ns)   --->   "%conv1 = uitodp i32 %pseudoimage_count_load" [PFN.cpp:66]   --->   Operation 84 'uitodp' 'conv1' <Predicate = true> <Delay = 5.62> <CoreInst = "Int2Double">   --->   Core 66 'Int2Double' <Latency = 3> <II = 1> <Delay = 5.62> <FuncUnit> <Opcode : 'uitodp' 'sitodp'> <InPorts = 1> <OutPorts = 1>

State 12 <SV = 11> <Delay = 5.92>
ST_12 : Operation 85 [1/1] (0.00ns)   --->   "%avg_z_1_loc_load = load i64 %avg_z_1_loc"   --->   Operation 85 'load' 'avg_z_1_loc_load' <Predicate = true> <Delay = 0.00>
ST_12 : Operation 86 [1/1] (0.00ns)   --->   "%avg_y_1_loc_load = load i64 %avg_y_1_loc"   --->   Operation 86 'load' 'avg_y_1_loc_load' <Predicate = true> <Delay = 0.00>
ST_12 : Operation 87 [1/1] (0.00ns)   --->   "%avg_x_1_loc_load = load i64 %avg_x_1_loc"   --->   Operation 87 'load' 'avg_x_1_loc_load' <Predicate = true> <Delay = 0.00>
ST_12 : Operation 88 [22/22] (5.92ns)   --->   "%avg_x = ddiv i64 %avg_x_1_loc_load, i64 %conv1" [PFN.cpp:66]   --->   Operation 88 'ddiv' 'avg_x' <Predicate = true> <Delay = 5.92> <CoreInst = "DDiv">   --->   Core 39 'DDiv' <Latency = 21> <II = 1> <Delay = 5.92> <FuncUnit> <Opcode : 'ddiv' 'drem'> <InPorts = 2> <OutPorts = 1>
ST_12 : Operation 89 [22/22] (5.92ns)   --->   "%avg_y = ddiv i64 %avg_y_1_loc_load, i64 %conv1" [PFN.cpp:67]   --->   Operation 89 'ddiv' 'avg_y' <Predicate = true> <Delay = 5.92> <CoreInst = "DDiv">   --->   Core 39 'DDiv' <Latency = 21> <II = 1> <Delay = 5.92> <FuncUnit> <Opcode : 'ddiv' 'drem'> <InPorts = 2> <OutPorts = 1>
ST_12 : Operation 90 [22/22] (5.92ns)   --->   "%avg_z = ddiv i64 %avg_z_1_loc_load, i64 %conv1" [PFN.cpp:68]   --->   Operation 90 'ddiv' 'avg_z' <Predicate = true> <Delay = 5.92> <CoreInst = "DDiv">   --->   Core 39 'DDiv' <Latency = 21> <II = 1> <Delay = 5.92> <FuncUnit> <Opcode : 'ddiv' 'drem'> <InPorts = 2> <OutPorts = 1>

State 13 <SV = 12> <Delay = 5.92>
ST_13 : Operation 91 [21/22] (5.92ns)   --->   "%avg_x = ddiv i64 %avg_x_1_loc_load, i64 %conv1" [PFN.cpp:66]   --->   Operation 91 'ddiv' 'avg_x' <Predicate = true> <Delay = 5.92> <CoreInst = "DDiv">   --->   Core 39 'DDiv' <Latency = 21> <II = 1> <Delay = 5.92> <FuncUnit> <Opcode : 'ddiv' 'drem'> <InPorts = 2> <OutPorts = 1>
ST_13 : Operation 92 [21/22] (5.92ns)   --->   "%avg_y = ddiv i64 %avg_y_1_loc_load, i64 %conv1" [PFN.cpp:67]   --->   Operation 92 'ddiv' 'avg_y' <Predicate = true> <Delay = 5.92> <CoreInst = "DDiv">   --->   Core 39 'DDiv' <Latency = 21> <II = 1> <Delay = 5.92> <FuncUnit> <Opcode : 'ddiv' 'drem'> <InPorts = 2> <OutPorts = 1>
ST_13 : Operation 93 [21/22] (5.92ns)   --->   "%avg_z = ddiv i64 %avg_z_1_loc_load, i64 %conv1" [PFN.cpp:68]   --->   Operation 93 'ddiv' 'avg_z' <Predicate = true> <Delay = 5.92> <CoreInst = "DDiv">   --->   Core 39 'DDiv' <Latency = 21> <II = 1> <Delay = 5.92> <FuncUnit> <Opcode : 'ddiv' 'drem'> <InPorts = 2> <OutPorts = 1>

State 14 <SV = 13> <Delay = 5.92>
ST_14 : Operation 94 [20/22] (5.92ns)   --->   "%avg_x = ddiv i64 %avg_x_1_loc_load, i64 %conv1" [PFN.cpp:66]   --->   Operation 94 'ddiv' 'avg_x' <Predicate = true> <Delay = 5.92> <CoreInst = "DDiv">   --->   Core 39 'DDiv' <Latency = 21> <II = 1> <Delay = 5.92> <FuncUnit> <Opcode : 'ddiv' 'drem'> <InPorts = 2> <OutPorts = 1>
ST_14 : Operation 95 [20/22] (5.92ns)   --->   "%avg_y = ddiv i64 %avg_y_1_loc_load, i64 %conv1" [PFN.cpp:67]   --->   Operation 95 'ddiv' 'avg_y' <Predicate = true> <Delay = 5.92> <CoreInst = "DDiv">   --->   Core 39 'DDiv' <Latency = 21> <II = 1> <Delay = 5.92> <FuncUnit> <Opcode : 'ddiv' 'drem'> <InPorts = 2> <OutPorts = 1>
ST_14 : Operation 96 [20/22] (5.92ns)   --->   "%avg_z = ddiv i64 %avg_z_1_loc_load, i64 %conv1" [PFN.cpp:68]   --->   Operation 96 'ddiv' 'avg_z' <Predicate = true> <Delay = 5.92> <CoreInst = "DDiv">   --->   Core 39 'DDiv' <Latency = 21> <II = 1> <Delay = 5.92> <FuncUnit> <Opcode : 'ddiv' 'drem'> <InPorts = 2> <OutPorts = 1>

State 15 <SV = 14> <Delay = 5.92>
ST_15 : Operation 97 [19/22] (5.92ns)   --->   "%avg_x = ddiv i64 %avg_x_1_loc_load, i64 %conv1" [PFN.cpp:66]   --->   Operation 97 'ddiv' 'avg_x' <Predicate = true> <Delay = 5.92> <CoreInst = "DDiv">   --->   Core 39 'DDiv' <Latency = 21> <II = 1> <Delay = 5.92> <FuncUnit> <Opcode : 'ddiv' 'drem'> <InPorts = 2> <OutPorts = 1>
ST_15 : Operation 98 [19/22] (5.92ns)   --->   "%avg_y = ddiv i64 %avg_y_1_loc_load, i64 %conv1" [PFN.cpp:67]   --->   Operation 98 'ddiv' 'avg_y' <Predicate = true> <Delay = 5.92> <CoreInst = "DDiv">   --->   Core 39 'DDiv' <Latency = 21> <II = 1> <Delay = 5.92> <FuncUnit> <Opcode : 'ddiv' 'drem'> <InPorts = 2> <OutPorts = 1>
ST_15 : Operation 99 [19/22] (5.92ns)   --->   "%avg_z = ddiv i64 %avg_z_1_loc_load, i64 %conv1" [PFN.cpp:68]   --->   Operation 99 'ddiv' 'avg_z' <Predicate = true> <Delay = 5.92> <CoreInst = "DDiv">   --->   Core 39 'DDiv' <Latency = 21> <II = 1> <Delay = 5.92> <FuncUnit> <Opcode : 'ddiv' 'drem'> <InPorts = 2> <OutPorts = 1>

State 16 <SV = 15> <Delay = 5.92>
ST_16 : Operation 100 [18/22] (5.92ns)   --->   "%avg_x = ddiv i64 %avg_x_1_loc_load, i64 %conv1" [PFN.cpp:66]   --->   Operation 100 'ddiv' 'avg_x' <Predicate = true> <Delay = 5.92> <CoreInst = "DDiv">   --->   Core 39 'DDiv' <Latency = 21> <II = 1> <Delay = 5.92> <FuncUnit> <Opcode : 'ddiv' 'drem'> <InPorts = 2> <OutPorts = 1>
ST_16 : Operation 101 [18/22] (5.92ns)   --->   "%avg_y = ddiv i64 %avg_y_1_loc_load, i64 %conv1" [PFN.cpp:67]   --->   Operation 101 'ddiv' 'avg_y' <Predicate = true> <Delay = 5.92> <CoreInst = "DDiv">   --->   Core 39 'DDiv' <Latency = 21> <II = 1> <Delay = 5.92> <FuncUnit> <Opcode : 'ddiv' 'drem'> <InPorts = 2> <OutPorts = 1>
ST_16 : Operation 102 [18/22] (5.92ns)   --->   "%avg_z = ddiv i64 %avg_z_1_loc_load, i64 %conv1" [PFN.cpp:68]   --->   Operation 102 'ddiv' 'avg_z' <Predicate = true> <Delay = 5.92> <CoreInst = "DDiv">   --->   Core 39 'DDiv' <Latency = 21> <II = 1> <Delay = 5.92> <FuncUnit> <Opcode : 'ddiv' 'drem'> <InPorts = 2> <OutPorts = 1>

State 17 <SV = 16> <Delay = 5.92>
ST_17 : Operation 103 [17/22] (5.92ns)   --->   "%avg_x = ddiv i64 %avg_x_1_loc_load, i64 %conv1" [PFN.cpp:66]   --->   Operation 103 'ddiv' 'avg_x' <Predicate = true> <Delay = 5.92> <CoreInst = "DDiv">   --->   Core 39 'DDiv' <Latency = 21> <II = 1> <Delay = 5.92> <FuncUnit> <Opcode : 'ddiv' 'drem'> <InPorts = 2> <OutPorts = 1>
ST_17 : Operation 104 [17/22] (5.92ns)   --->   "%avg_y = ddiv i64 %avg_y_1_loc_load, i64 %conv1" [PFN.cpp:67]   --->   Operation 104 'ddiv' 'avg_y' <Predicate = true> <Delay = 5.92> <CoreInst = "DDiv">   --->   Core 39 'DDiv' <Latency = 21> <II = 1> <Delay = 5.92> <FuncUnit> <Opcode : 'ddiv' 'drem'> <InPorts = 2> <OutPorts = 1>
ST_17 : Operation 105 [17/22] (5.92ns)   --->   "%avg_z = ddiv i64 %avg_z_1_loc_load, i64 %conv1" [PFN.cpp:68]   --->   Operation 105 'ddiv' 'avg_z' <Predicate = true> <Delay = 5.92> <CoreInst = "DDiv">   --->   Core 39 'DDiv' <Latency = 21> <II = 1> <Delay = 5.92> <FuncUnit> <Opcode : 'ddiv' 'drem'> <InPorts = 2> <OutPorts = 1>

State 18 <SV = 17> <Delay = 5.92>
ST_18 : Operation 106 [16/22] (5.92ns)   --->   "%avg_x = ddiv i64 %avg_x_1_loc_load, i64 %conv1" [PFN.cpp:66]   --->   Operation 106 'ddiv' 'avg_x' <Predicate = true> <Delay = 5.92> <CoreInst = "DDiv">   --->   Core 39 'DDiv' <Latency = 21> <II = 1> <Delay = 5.92> <FuncUnit> <Opcode : 'ddiv' 'drem'> <InPorts = 2> <OutPorts = 1>
ST_18 : Operation 107 [16/22] (5.92ns)   --->   "%avg_y = ddiv i64 %avg_y_1_loc_load, i64 %conv1" [PFN.cpp:67]   --->   Operation 107 'ddiv' 'avg_y' <Predicate = true> <Delay = 5.92> <CoreInst = "DDiv">   --->   Core 39 'DDiv' <Latency = 21> <II = 1> <Delay = 5.92> <FuncUnit> <Opcode : 'ddiv' 'drem'> <InPorts = 2> <OutPorts = 1>
ST_18 : Operation 108 [16/22] (5.92ns)   --->   "%avg_z = ddiv i64 %avg_z_1_loc_load, i64 %conv1" [PFN.cpp:68]   --->   Operation 108 'ddiv' 'avg_z' <Predicate = true> <Delay = 5.92> <CoreInst = "DDiv">   --->   Core 39 'DDiv' <Latency = 21> <II = 1> <Delay = 5.92> <FuncUnit> <Opcode : 'ddiv' 'drem'> <InPorts = 2> <OutPorts = 1>

State 19 <SV = 18> <Delay = 5.92>
ST_19 : Operation 109 [15/22] (5.92ns)   --->   "%avg_x = ddiv i64 %avg_x_1_loc_load, i64 %conv1" [PFN.cpp:66]   --->   Operation 109 'ddiv' 'avg_x' <Predicate = true> <Delay = 5.92> <CoreInst = "DDiv">   --->   Core 39 'DDiv' <Latency = 21> <II = 1> <Delay = 5.92> <FuncUnit> <Opcode : 'ddiv' 'drem'> <InPorts = 2> <OutPorts = 1>
ST_19 : Operation 110 [15/22] (5.92ns)   --->   "%avg_y = ddiv i64 %avg_y_1_loc_load, i64 %conv1" [PFN.cpp:67]   --->   Operation 110 'ddiv' 'avg_y' <Predicate = true> <Delay = 5.92> <CoreInst = "DDiv">   --->   Core 39 'DDiv' <Latency = 21> <II = 1> <Delay = 5.92> <FuncUnit> <Opcode : 'ddiv' 'drem'> <InPorts = 2> <OutPorts = 1>
ST_19 : Operation 111 [15/22] (5.92ns)   --->   "%avg_z = ddiv i64 %avg_z_1_loc_load, i64 %conv1" [PFN.cpp:68]   --->   Operation 111 'ddiv' 'avg_z' <Predicate = true> <Delay = 5.92> <CoreInst = "DDiv">   --->   Core 39 'DDiv' <Latency = 21> <II = 1> <Delay = 5.92> <FuncUnit> <Opcode : 'ddiv' 'drem'> <InPorts = 2> <OutPorts = 1>

State 20 <SV = 19> <Delay = 5.92>
ST_20 : Operation 112 [14/22] (5.92ns)   --->   "%avg_x = ddiv i64 %avg_x_1_loc_load, i64 %conv1" [PFN.cpp:66]   --->   Operation 112 'ddiv' 'avg_x' <Predicate = true> <Delay = 5.92> <CoreInst = "DDiv">   --->   Core 39 'DDiv' <Latency = 21> <II = 1> <Delay = 5.92> <FuncUnit> <Opcode : 'ddiv' 'drem'> <InPorts = 2> <OutPorts = 1>
ST_20 : Operation 113 [14/22] (5.92ns)   --->   "%avg_y = ddiv i64 %avg_y_1_loc_load, i64 %conv1" [PFN.cpp:67]   --->   Operation 113 'ddiv' 'avg_y' <Predicate = true> <Delay = 5.92> <CoreInst = "DDiv">   --->   Core 39 'DDiv' <Latency = 21> <II = 1> <Delay = 5.92> <FuncUnit> <Opcode : 'ddiv' 'drem'> <InPorts = 2> <OutPorts = 1>
ST_20 : Operation 114 [14/22] (5.92ns)   --->   "%avg_z = ddiv i64 %avg_z_1_loc_load, i64 %conv1" [PFN.cpp:68]   --->   Operation 114 'ddiv' 'avg_z' <Predicate = true> <Delay = 5.92> <CoreInst = "DDiv">   --->   Core 39 'DDiv' <Latency = 21> <II = 1> <Delay = 5.92> <FuncUnit> <Opcode : 'ddiv' 'drem'> <InPorts = 2> <OutPorts = 1>
ST_20 : Operation 115 [4/4] (5.62ns)   --->   "%conv2 = uitodp i32 %x" [PFN.cpp:74]   --->   Operation 115 'uitodp' 'conv2' <Predicate = true> <Delay = 5.62> <CoreInst = "Int2Double">   --->   Core 66 'Int2Double' <Latency = 3> <II = 1> <Delay = 5.62> <FuncUnit> <Opcode : 'uitodp' 'sitodp'> <InPorts = 1> <OutPorts = 1>
ST_20 : Operation 116 [4/4] (5.62ns)   --->   "%conv3 = uitodp i32 %y" [PFN.cpp:75]   --->   Operation 116 'uitodp' 'conv3' <Predicate = true> <Delay = 5.62> <CoreInst = "Int2Double">   --->   Core 66 'Int2Double' <Latency = 3> <II = 1> <Delay = 5.62> <FuncUnit> <Opcode : 'uitodp' 'sitodp'> <InPorts = 1> <OutPorts = 1>

State 21 <SV = 20> <Delay = 5.92>
ST_21 : Operation 117 [13/22] (5.92ns)   --->   "%avg_x = ddiv i64 %avg_x_1_loc_load, i64 %conv1" [PFN.cpp:66]   --->   Operation 117 'ddiv' 'avg_x' <Predicate = true> <Delay = 5.92> <CoreInst = "DDiv">   --->   Core 39 'DDiv' <Latency = 21> <II = 1> <Delay = 5.92> <FuncUnit> <Opcode : 'ddiv' 'drem'> <InPorts = 2> <OutPorts = 1>
ST_21 : Operation 118 [13/22] (5.92ns)   --->   "%avg_y = ddiv i64 %avg_y_1_loc_load, i64 %conv1" [PFN.cpp:67]   --->   Operation 118 'ddiv' 'avg_y' <Predicate = true> <Delay = 5.92> <CoreInst = "DDiv">   --->   Core 39 'DDiv' <Latency = 21> <II = 1> <Delay = 5.92> <FuncUnit> <Opcode : 'ddiv' 'drem'> <InPorts = 2> <OutPorts = 1>
ST_21 : Operation 119 [13/22] (5.92ns)   --->   "%avg_z = ddiv i64 %avg_z_1_loc_load, i64 %conv1" [PFN.cpp:68]   --->   Operation 119 'ddiv' 'avg_z' <Predicate = true> <Delay = 5.92> <CoreInst = "DDiv">   --->   Core 39 'DDiv' <Latency = 21> <II = 1> <Delay = 5.92> <FuncUnit> <Opcode : 'ddiv' 'drem'> <InPorts = 2> <OutPorts = 1>
ST_21 : Operation 120 [3/4] (5.62ns)   --->   "%conv2 = uitodp i32 %x" [PFN.cpp:74]   --->   Operation 120 'uitodp' 'conv2' <Predicate = true> <Delay = 5.62> <CoreInst = "Int2Double">   --->   Core 66 'Int2Double' <Latency = 3> <II = 1> <Delay = 5.62> <FuncUnit> <Opcode : 'uitodp' 'sitodp'> <InPorts = 1> <OutPorts = 1>
ST_21 : Operation 121 [3/4] (5.62ns)   --->   "%conv3 = uitodp i32 %y" [PFN.cpp:75]   --->   Operation 121 'uitodp' 'conv3' <Predicate = true> <Delay = 5.62> <CoreInst = "Int2Double">   --->   Core 66 'Int2Double' <Latency = 3> <II = 1> <Delay = 5.62> <FuncUnit> <Opcode : 'uitodp' 'sitodp'> <InPorts = 1> <OutPorts = 1>

State 22 <SV = 21> <Delay = 5.92>
ST_22 : Operation 122 [12/22] (5.92ns)   --->   "%avg_x = ddiv i64 %avg_x_1_loc_load, i64 %conv1" [PFN.cpp:66]   --->   Operation 122 'ddiv' 'avg_x' <Predicate = true> <Delay = 5.92> <CoreInst = "DDiv">   --->   Core 39 'DDiv' <Latency = 21> <II = 1> <Delay = 5.92> <FuncUnit> <Opcode : 'ddiv' 'drem'> <InPorts = 2> <OutPorts = 1>
ST_22 : Operation 123 [12/22] (5.92ns)   --->   "%avg_y = ddiv i64 %avg_y_1_loc_load, i64 %conv1" [PFN.cpp:67]   --->   Operation 123 'ddiv' 'avg_y' <Predicate = true> <Delay = 5.92> <CoreInst = "DDiv">   --->   Core 39 'DDiv' <Latency = 21> <II = 1> <Delay = 5.92> <FuncUnit> <Opcode : 'ddiv' 'drem'> <InPorts = 2> <OutPorts = 1>
ST_22 : Operation 124 [12/22] (5.92ns)   --->   "%avg_z = ddiv i64 %avg_z_1_loc_load, i64 %conv1" [PFN.cpp:68]   --->   Operation 124 'ddiv' 'avg_z' <Predicate = true> <Delay = 5.92> <CoreInst = "DDiv">   --->   Core 39 'DDiv' <Latency = 21> <II = 1> <Delay = 5.92> <FuncUnit> <Opcode : 'ddiv' 'drem'> <InPorts = 2> <OutPorts = 1>
ST_22 : Operation 125 [2/4] (5.62ns)   --->   "%conv2 = uitodp i32 %x" [PFN.cpp:74]   --->   Operation 125 'uitodp' 'conv2' <Predicate = true> <Delay = 5.62> <CoreInst = "Int2Double">   --->   Core 66 'Int2Double' <Latency = 3> <II = 1> <Delay = 5.62> <FuncUnit> <Opcode : 'uitodp' 'sitodp'> <InPorts = 1> <OutPorts = 1>
ST_22 : Operation 126 [2/4] (5.62ns)   --->   "%conv3 = uitodp i32 %y" [PFN.cpp:75]   --->   Operation 126 'uitodp' 'conv3' <Predicate = true> <Delay = 5.62> <CoreInst = "Int2Double">   --->   Core 66 'Int2Double' <Latency = 3> <II = 1> <Delay = 5.62> <FuncUnit> <Opcode : 'uitodp' 'sitodp'> <InPorts = 1> <OutPorts = 1>

State 23 <SV = 22> <Delay = 5.92>
ST_23 : Operation 127 [11/22] (5.92ns)   --->   "%avg_x = ddiv i64 %avg_x_1_loc_load, i64 %conv1" [PFN.cpp:66]   --->   Operation 127 'ddiv' 'avg_x' <Predicate = true> <Delay = 5.92> <CoreInst = "DDiv">   --->   Core 39 'DDiv' <Latency = 21> <II = 1> <Delay = 5.92> <FuncUnit> <Opcode : 'ddiv' 'drem'> <InPorts = 2> <OutPorts = 1>
ST_23 : Operation 128 [11/22] (5.92ns)   --->   "%avg_y = ddiv i64 %avg_y_1_loc_load, i64 %conv1" [PFN.cpp:67]   --->   Operation 128 'ddiv' 'avg_y' <Predicate = true> <Delay = 5.92> <CoreInst = "DDiv">   --->   Core 39 'DDiv' <Latency = 21> <II = 1> <Delay = 5.92> <FuncUnit> <Opcode : 'ddiv' 'drem'> <InPorts = 2> <OutPorts = 1>
ST_23 : Operation 129 [11/22] (5.92ns)   --->   "%avg_z = ddiv i64 %avg_z_1_loc_load, i64 %conv1" [PFN.cpp:68]   --->   Operation 129 'ddiv' 'avg_z' <Predicate = true> <Delay = 5.92> <CoreInst = "DDiv">   --->   Core 39 'DDiv' <Latency = 21> <II = 1> <Delay = 5.92> <FuncUnit> <Opcode : 'ddiv' 'drem'> <InPorts = 2> <OutPorts = 1>
ST_23 : Operation 130 [1/4] (5.62ns)   --->   "%conv2 = uitodp i32 %x" [PFN.cpp:74]   --->   Operation 130 'uitodp' 'conv2' <Predicate = true> <Delay = 5.62> <CoreInst = "Int2Double">   --->   Core 66 'Int2Double' <Latency = 3> <II = 1> <Delay = 5.62> <FuncUnit> <Opcode : 'uitodp' 'sitodp'> <InPorts = 1> <OutPorts = 1>
ST_23 : Operation 131 [1/4] (5.62ns)   --->   "%conv3 = uitodp i32 %y" [PFN.cpp:75]   --->   Operation 131 'uitodp' 'conv3' <Predicate = true> <Delay = 5.62> <CoreInst = "Int2Double">   --->   Core 66 'Int2Double' <Latency = 3> <II = 1> <Delay = 5.62> <FuncUnit> <Opcode : 'uitodp' 'sitodp'> <InPorts = 1> <OutPorts = 1>

State 24 <SV = 23> <Delay = 7.04>
ST_24 : Operation 132 [10/22] (5.92ns)   --->   "%avg_x = ddiv i64 %avg_x_1_loc_load, i64 %conv1" [PFN.cpp:66]   --->   Operation 132 'ddiv' 'avg_x' <Predicate = true> <Delay = 5.92> <CoreInst = "DDiv">   --->   Core 39 'DDiv' <Latency = 21> <II = 1> <Delay = 5.92> <FuncUnit> <Opcode : 'ddiv' 'drem'> <InPorts = 2> <OutPorts = 1>
ST_24 : Operation 133 [10/22] (5.92ns)   --->   "%avg_y = ddiv i64 %avg_y_1_loc_load, i64 %conv1" [PFN.cpp:67]   --->   Operation 133 'ddiv' 'avg_y' <Predicate = true> <Delay = 5.92> <CoreInst = "DDiv">   --->   Core 39 'DDiv' <Latency = 21> <II = 1> <Delay = 5.92> <FuncUnit> <Opcode : 'ddiv' 'drem'> <InPorts = 2> <OutPorts = 1>
ST_24 : Operation 134 [10/22] (5.92ns)   --->   "%avg_z = ddiv i64 %avg_z_1_loc_load, i64 %conv1" [PFN.cpp:68]   --->   Operation 134 'ddiv' 'avg_z' <Predicate = true> <Delay = 5.92> <CoreInst = "DDiv">   --->   Core 39 'DDiv' <Latency = 21> <II = 1> <Delay = 5.92> <FuncUnit> <Opcode : 'ddiv' 'drem'> <InPorts = 2> <OutPorts = 1>
ST_24 : Operation 135 [5/5] (7.04ns)   --->   "%mul = dmul i64 %conv2, i64 500" [PFN.cpp:74]   --->   Operation 135 'dmul' 'mul' <Predicate = true> <Delay = 7.04> <CoreInst = "DMul_maxdsp">   --->   Core 49 'DMul_maxdsp' <Latency = 4> <II = 1> <Delay = 7.04> <FuncUnit> <Opcode : 'dmul'> <InPorts = 2> <OutPorts = 1>
ST_24 : Operation 136 [5/5] (7.04ns)   --->   "%mul1 = dmul i64 %conv3, i64 500" [PFN.cpp:75]   --->   Operation 136 'dmul' 'mul1' <Predicate = true> <Delay = 7.04> <CoreInst = "DMul_maxdsp">   --->   Core 49 'DMul_maxdsp' <Latency = 4> <II = 1> <Delay = 7.04> <FuncUnit> <Opcode : 'dmul'> <InPorts = 2> <OutPorts = 1>

State 25 <SV = 24> <Delay = 7.04>
ST_25 : Operation 137 [9/22] (5.92ns)   --->   "%avg_x = ddiv i64 %avg_x_1_loc_load, i64 %conv1" [PFN.cpp:66]   --->   Operation 137 'ddiv' 'avg_x' <Predicate = true> <Delay = 5.92> <CoreInst = "DDiv">   --->   Core 39 'DDiv' <Latency = 21> <II = 1> <Delay = 5.92> <FuncUnit> <Opcode : 'ddiv' 'drem'> <InPorts = 2> <OutPorts = 1>
ST_25 : Operation 138 [9/22] (5.92ns)   --->   "%avg_y = ddiv i64 %avg_y_1_loc_load, i64 %conv1" [PFN.cpp:67]   --->   Operation 138 'ddiv' 'avg_y' <Predicate = true> <Delay = 5.92> <CoreInst = "DDiv">   --->   Core 39 'DDiv' <Latency = 21> <II = 1> <Delay = 5.92> <FuncUnit> <Opcode : 'ddiv' 'drem'> <InPorts = 2> <OutPorts = 1>
ST_25 : Operation 139 [9/22] (5.92ns)   --->   "%avg_z = ddiv i64 %avg_z_1_loc_load, i64 %conv1" [PFN.cpp:68]   --->   Operation 139 'ddiv' 'avg_z' <Predicate = true> <Delay = 5.92> <CoreInst = "DDiv">   --->   Core 39 'DDiv' <Latency = 21> <II = 1> <Delay = 5.92> <FuncUnit> <Opcode : 'ddiv' 'drem'> <InPorts = 2> <OutPorts = 1>
ST_25 : Operation 140 [4/5] (7.04ns)   --->   "%mul = dmul i64 %conv2, i64 500" [PFN.cpp:74]   --->   Operation 140 'dmul' 'mul' <Predicate = true> <Delay = 7.04> <CoreInst = "DMul_maxdsp">   --->   Core 49 'DMul_maxdsp' <Latency = 4> <II = 1> <Delay = 7.04> <FuncUnit> <Opcode : 'dmul'> <InPorts = 2> <OutPorts = 1>
ST_25 : Operation 141 [4/5] (7.04ns)   --->   "%mul1 = dmul i64 %conv3, i64 500" [PFN.cpp:75]   --->   Operation 141 'dmul' 'mul1' <Predicate = true> <Delay = 7.04> <CoreInst = "DMul_maxdsp">   --->   Core 49 'DMul_maxdsp' <Latency = 4> <II = 1> <Delay = 7.04> <FuncUnit> <Opcode : 'dmul'> <InPorts = 2> <OutPorts = 1>

State 26 <SV = 25> <Delay = 7.04>
ST_26 : Operation 142 [8/22] (5.92ns)   --->   "%avg_x = ddiv i64 %avg_x_1_loc_load, i64 %conv1" [PFN.cpp:66]   --->   Operation 142 'ddiv' 'avg_x' <Predicate = true> <Delay = 5.92> <CoreInst = "DDiv">   --->   Core 39 'DDiv' <Latency = 21> <II = 1> <Delay = 5.92> <FuncUnit> <Opcode : 'ddiv' 'drem'> <InPorts = 2> <OutPorts = 1>
ST_26 : Operation 143 [8/22] (5.92ns)   --->   "%avg_y = ddiv i64 %avg_y_1_loc_load, i64 %conv1" [PFN.cpp:67]   --->   Operation 143 'ddiv' 'avg_y' <Predicate = true> <Delay = 5.92> <CoreInst = "DDiv">   --->   Core 39 'DDiv' <Latency = 21> <II = 1> <Delay = 5.92> <FuncUnit> <Opcode : 'ddiv' 'drem'> <InPorts = 2> <OutPorts = 1>
ST_26 : Operation 144 [8/22] (5.92ns)   --->   "%avg_z = ddiv i64 %avg_z_1_loc_load, i64 %conv1" [PFN.cpp:68]   --->   Operation 144 'ddiv' 'avg_z' <Predicate = true> <Delay = 5.92> <CoreInst = "DDiv">   --->   Core 39 'DDiv' <Latency = 21> <II = 1> <Delay = 5.92> <FuncUnit> <Opcode : 'ddiv' 'drem'> <InPorts = 2> <OutPorts = 1>
ST_26 : Operation 145 [3/5] (7.04ns)   --->   "%mul = dmul i64 %conv2, i64 500" [PFN.cpp:74]   --->   Operation 145 'dmul' 'mul' <Predicate = true> <Delay = 7.04> <CoreInst = "DMul_maxdsp">   --->   Core 49 'DMul_maxdsp' <Latency = 4> <II = 1> <Delay = 7.04> <FuncUnit> <Opcode : 'dmul'> <InPorts = 2> <OutPorts = 1>
ST_26 : Operation 146 [3/5] (7.04ns)   --->   "%mul1 = dmul i64 %conv3, i64 500" [PFN.cpp:75]   --->   Operation 146 'dmul' 'mul1' <Predicate = true> <Delay = 7.04> <CoreInst = "DMul_maxdsp">   --->   Core 49 'DMul_maxdsp' <Latency = 4> <II = 1> <Delay = 7.04> <FuncUnit> <Opcode : 'dmul'> <InPorts = 2> <OutPorts = 1>

State 27 <SV = 26> <Delay = 7.04>
ST_27 : Operation 147 [7/22] (5.92ns)   --->   "%avg_x = ddiv i64 %avg_x_1_loc_load, i64 %conv1" [PFN.cpp:66]   --->   Operation 147 'ddiv' 'avg_x' <Predicate = true> <Delay = 5.92> <CoreInst = "DDiv">   --->   Core 39 'DDiv' <Latency = 21> <II = 1> <Delay = 5.92> <FuncUnit> <Opcode : 'ddiv' 'drem'> <InPorts = 2> <OutPorts = 1>
ST_27 : Operation 148 [7/22] (5.92ns)   --->   "%avg_y = ddiv i64 %avg_y_1_loc_load, i64 %conv1" [PFN.cpp:67]   --->   Operation 148 'ddiv' 'avg_y' <Predicate = true> <Delay = 5.92> <CoreInst = "DDiv">   --->   Core 39 'DDiv' <Latency = 21> <II = 1> <Delay = 5.92> <FuncUnit> <Opcode : 'ddiv' 'drem'> <InPorts = 2> <OutPorts = 1>
ST_27 : Operation 149 [7/22] (5.92ns)   --->   "%avg_z = ddiv i64 %avg_z_1_loc_load, i64 %conv1" [PFN.cpp:68]   --->   Operation 149 'ddiv' 'avg_z' <Predicate = true> <Delay = 5.92> <CoreInst = "DDiv">   --->   Core 39 'DDiv' <Latency = 21> <II = 1> <Delay = 5.92> <FuncUnit> <Opcode : 'ddiv' 'drem'> <InPorts = 2> <OutPorts = 1>
ST_27 : Operation 150 [2/5] (7.04ns)   --->   "%mul = dmul i64 %conv2, i64 500" [PFN.cpp:74]   --->   Operation 150 'dmul' 'mul' <Predicate = true> <Delay = 7.04> <CoreInst = "DMul_maxdsp">   --->   Core 49 'DMul_maxdsp' <Latency = 4> <II = 1> <Delay = 7.04> <FuncUnit> <Opcode : 'dmul'> <InPorts = 2> <OutPorts = 1>
ST_27 : Operation 151 [2/5] (7.04ns)   --->   "%mul1 = dmul i64 %conv3, i64 500" [PFN.cpp:75]   --->   Operation 151 'dmul' 'mul1' <Predicate = true> <Delay = 7.04> <CoreInst = "DMul_maxdsp">   --->   Core 49 'DMul_maxdsp' <Latency = 4> <II = 1> <Delay = 7.04> <FuncUnit> <Opcode : 'dmul'> <InPorts = 2> <OutPorts = 1>

State 28 <SV = 27> <Delay = 7.04>
ST_28 : Operation 152 [6/22] (5.92ns)   --->   "%avg_x = ddiv i64 %avg_x_1_loc_load, i64 %conv1" [PFN.cpp:66]   --->   Operation 152 'ddiv' 'avg_x' <Predicate = true> <Delay = 5.92> <CoreInst = "DDiv">   --->   Core 39 'DDiv' <Latency = 21> <II = 1> <Delay = 5.92> <FuncUnit> <Opcode : 'ddiv' 'drem'> <InPorts = 2> <OutPorts = 1>
ST_28 : Operation 153 [6/22] (5.92ns)   --->   "%avg_y = ddiv i64 %avg_y_1_loc_load, i64 %conv1" [PFN.cpp:67]   --->   Operation 153 'ddiv' 'avg_y' <Predicate = true> <Delay = 5.92> <CoreInst = "DDiv">   --->   Core 39 'DDiv' <Latency = 21> <II = 1> <Delay = 5.92> <FuncUnit> <Opcode : 'ddiv' 'drem'> <InPorts = 2> <OutPorts = 1>
ST_28 : Operation 154 [6/22] (5.92ns)   --->   "%avg_z = ddiv i64 %avg_z_1_loc_load, i64 %conv1" [PFN.cpp:68]   --->   Operation 154 'ddiv' 'avg_z' <Predicate = true> <Delay = 5.92> <CoreInst = "DDiv">   --->   Core 39 'DDiv' <Latency = 21> <II = 1> <Delay = 5.92> <FuncUnit> <Opcode : 'ddiv' 'drem'> <InPorts = 2> <OutPorts = 1>
ST_28 : Operation 155 [1/5] (7.04ns)   --->   "%mul = dmul i64 %conv2, i64 500" [PFN.cpp:74]   --->   Operation 155 'dmul' 'mul' <Predicate = true> <Delay = 7.04> <CoreInst = "DMul_maxdsp">   --->   Core 49 'DMul_maxdsp' <Latency = 4> <II = 1> <Delay = 7.04> <FuncUnit> <Opcode : 'dmul'> <InPorts = 2> <OutPorts = 1>
ST_28 : Operation 156 [1/5] (7.04ns)   --->   "%mul1 = dmul i64 %conv3, i64 500" [PFN.cpp:75]   --->   Operation 156 'dmul' 'mul1' <Predicate = true> <Delay = 7.04> <CoreInst = "DMul_maxdsp">   --->   Core 49 'DMul_maxdsp' <Latency = 4> <II = 1> <Delay = 7.04> <FuncUnit> <Opcode : 'dmul'> <InPorts = 2> <OutPorts = 1>

State 29 <SV = 28> <Delay = 7.04>
ST_29 : Operation 157 [5/22] (5.92ns)   --->   "%avg_x = ddiv i64 %avg_x_1_loc_load, i64 %conv1" [PFN.cpp:66]   --->   Operation 157 'ddiv' 'avg_x' <Predicate = true> <Delay = 5.92> <CoreInst = "DDiv">   --->   Core 39 'DDiv' <Latency = 21> <II = 1> <Delay = 5.92> <FuncUnit> <Opcode : 'ddiv' 'drem'> <InPorts = 2> <OutPorts = 1>
ST_29 : Operation 158 [5/22] (5.92ns)   --->   "%avg_y = ddiv i64 %avg_y_1_loc_load, i64 %conv1" [PFN.cpp:67]   --->   Operation 158 'ddiv' 'avg_y' <Predicate = true> <Delay = 5.92> <CoreInst = "DDiv">   --->   Core 39 'DDiv' <Latency = 21> <II = 1> <Delay = 5.92> <FuncUnit> <Opcode : 'ddiv' 'drem'> <InPorts = 2> <OutPorts = 1>
ST_29 : Operation 159 [5/22] (5.92ns)   --->   "%avg_z = ddiv i64 %avg_z_1_loc_load, i64 %conv1" [PFN.cpp:68]   --->   Operation 159 'ddiv' 'avg_z' <Predicate = true> <Delay = 5.92> <CoreInst = "DDiv">   --->   Core 39 'DDiv' <Latency = 21> <II = 1> <Delay = 5.92> <FuncUnit> <Opcode : 'ddiv' 'drem'> <InPorts = 2> <OutPorts = 1>
ST_29 : Operation 160 [5/5] (7.04ns)   --->   "%div5 = dmul i64 %mul, i64 0.0078125" [PFN.cpp:74]   --->   Operation 160 'dmul' 'div5' <Predicate = true> <Delay = 7.04> <CoreInst = "DMul_maxdsp">   --->   Core 49 'DMul_maxdsp' <Latency = 4> <II = 1> <Delay = 7.04> <FuncUnit> <Opcode : 'dmul'> <InPorts = 2> <OutPorts = 1>
ST_29 : Operation 161 [5/5] (7.04ns)   --->   "%div6 = dmul i64 %mul1, i64 0.0078125" [PFN.cpp:75]   --->   Operation 161 'dmul' 'div6' <Predicate = true> <Delay = 7.04> <CoreInst = "DMul_maxdsp">   --->   Core 49 'DMul_maxdsp' <Latency = 4> <II = 1> <Delay = 7.04> <FuncUnit> <Opcode : 'dmul'> <InPorts = 2> <OutPorts = 1>

State 30 <SV = 29> <Delay = 7.04>
ST_30 : Operation 162 [4/22] (5.92ns)   --->   "%avg_x = ddiv i64 %avg_x_1_loc_load, i64 %conv1" [PFN.cpp:66]   --->   Operation 162 'ddiv' 'avg_x' <Predicate = true> <Delay = 5.92> <CoreInst = "DDiv">   --->   Core 39 'DDiv' <Latency = 21> <II = 1> <Delay = 5.92> <FuncUnit> <Opcode : 'ddiv' 'drem'> <InPorts = 2> <OutPorts = 1>
ST_30 : Operation 163 [4/22] (5.92ns)   --->   "%avg_y = ddiv i64 %avg_y_1_loc_load, i64 %conv1" [PFN.cpp:67]   --->   Operation 163 'ddiv' 'avg_y' <Predicate = true> <Delay = 5.92> <CoreInst = "DDiv">   --->   Core 39 'DDiv' <Latency = 21> <II = 1> <Delay = 5.92> <FuncUnit> <Opcode : 'ddiv' 'drem'> <InPorts = 2> <OutPorts = 1>
ST_30 : Operation 164 [4/22] (5.92ns)   --->   "%avg_z = ddiv i64 %avg_z_1_loc_load, i64 %conv1" [PFN.cpp:68]   --->   Operation 164 'ddiv' 'avg_z' <Predicate = true> <Delay = 5.92> <CoreInst = "DDiv">   --->   Core 39 'DDiv' <Latency = 21> <II = 1> <Delay = 5.92> <FuncUnit> <Opcode : 'ddiv' 'drem'> <InPorts = 2> <OutPorts = 1>
ST_30 : Operation 165 [4/5] (7.04ns)   --->   "%div5 = dmul i64 %mul, i64 0.0078125" [PFN.cpp:74]   --->   Operation 165 'dmul' 'div5' <Predicate = true> <Delay = 7.04> <CoreInst = "DMul_maxdsp">   --->   Core 49 'DMul_maxdsp' <Latency = 4> <II = 1> <Delay = 7.04> <FuncUnit> <Opcode : 'dmul'> <InPorts = 2> <OutPorts = 1>
ST_30 : Operation 166 [4/5] (7.04ns)   --->   "%div6 = dmul i64 %mul1, i64 0.0078125" [PFN.cpp:75]   --->   Operation 166 'dmul' 'div6' <Predicate = true> <Delay = 7.04> <CoreInst = "DMul_maxdsp">   --->   Core 49 'DMul_maxdsp' <Latency = 4> <II = 1> <Delay = 7.04> <FuncUnit> <Opcode : 'dmul'> <InPorts = 2> <OutPorts = 1>

State 31 <SV = 30> <Delay = 7.04>
ST_31 : Operation 167 [3/22] (5.92ns)   --->   "%avg_x = ddiv i64 %avg_x_1_loc_load, i64 %conv1" [PFN.cpp:66]   --->   Operation 167 'ddiv' 'avg_x' <Predicate = true> <Delay = 5.92> <CoreInst = "DDiv">   --->   Core 39 'DDiv' <Latency = 21> <II = 1> <Delay = 5.92> <FuncUnit> <Opcode : 'ddiv' 'drem'> <InPorts = 2> <OutPorts = 1>
ST_31 : Operation 168 [3/22] (5.92ns)   --->   "%avg_y = ddiv i64 %avg_y_1_loc_load, i64 %conv1" [PFN.cpp:67]   --->   Operation 168 'ddiv' 'avg_y' <Predicate = true> <Delay = 5.92> <CoreInst = "DDiv">   --->   Core 39 'DDiv' <Latency = 21> <II = 1> <Delay = 5.92> <FuncUnit> <Opcode : 'ddiv' 'drem'> <InPorts = 2> <OutPorts = 1>
ST_31 : Operation 169 [3/22] (5.92ns)   --->   "%avg_z = ddiv i64 %avg_z_1_loc_load, i64 %conv1" [PFN.cpp:68]   --->   Operation 169 'ddiv' 'avg_z' <Predicate = true> <Delay = 5.92> <CoreInst = "DDiv">   --->   Core 39 'DDiv' <Latency = 21> <II = 1> <Delay = 5.92> <FuncUnit> <Opcode : 'ddiv' 'drem'> <InPorts = 2> <OutPorts = 1>
ST_31 : Operation 170 [3/5] (7.04ns)   --->   "%div5 = dmul i64 %mul, i64 0.0078125" [PFN.cpp:74]   --->   Operation 170 'dmul' 'div5' <Predicate = true> <Delay = 7.04> <CoreInst = "DMul_maxdsp">   --->   Core 49 'DMul_maxdsp' <Latency = 4> <II = 1> <Delay = 7.04> <FuncUnit> <Opcode : 'dmul'> <InPorts = 2> <OutPorts = 1>
ST_31 : Operation 171 [3/5] (7.04ns)   --->   "%div6 = dmul i64 %mul1, i64 0.0078125" [PFN.cpp:75]   --->   Operation 171 'dmul' 'div6' <Predicate = true> <Delay = 7.04> <CoreInst = "DMul_maxdsp">   --->   Core 49 'DMul_maxdsp' <Latency = 4> <II = 1> <Delay = 7.04> <FuncUnit> <Opcode : 'dmul'> <InPorts = 2> <OutPorts = 1>

State 32 <SV = 31> <Delay = 7.04>
ST_32 : Operation 172 [2/22] (5.92ns)   --->   "%avg_x = ddiv i64 %avg_x_1_loc_load, i64 %conv1" [PFN.cpp:66]   --->   Operation 172 'ddiv' 'avg_x' <Predicate = true> <Delay = 5.92> <CoreInst = "DDiv">   --->   Core 39 'DDiv' <Latency = 21> <II = 1> <Delay = 5.92> <FuncUnit> <Opcode : 'ddiv' 'drem'> <InPorts = 2> <OutPorts = 1>
ST_32 : Operation 173 [2/22] (5.92ns)   --->   "%avg_y = ddiv i64 %avg_y_1_loc_load, i64 %conv1" [PFN.cpp:67]   --->   Operation 173 'ddiv' 'avg_y' <Predicate = true> <Delay = 5.92> <CoreInst = "DDiv">   --->   Core 39 'DDiv' <Latency = 21> <II = 1> <Delay = 5.92> <FuncUnit> <Opcode : 'ddiv' 'drem'> <InPorts = 2> <OutPorts = 1>
ST_32 : Operation 174 [2/22] (5.92ns)   --->   "%avg_z = ddiv i64 %avg_z_1_loc_load, i64 %conv1" [PFN.cpp:68]   --->   Operation 174 'ddiv' 'avg_z' <Predicate = true> <Delay = 5.92> <CoreInst = "DDiv">   --->   Core 39 'DDiv' <Latency = 21> <II = 1> <Delay = 5.92> <FuncUnit> <Opcode : 'ddiv' 'drem'> <InPorts = 2> <OutPorts = 1>
ST_32 : Operation 175 [2/5] (7.04ns)   --->   "%div5 = dmul i64 %mul, i64 0.0078125" [PFN.cpp:74]   --->   Operation 175 'dmul' 'div5' <Predicate = true> <Delay = 7.04> <CoreInst = "DMul_maxdsp">   --->   Core 49 'DMul_maxdsp' <Latency = 4> <II = 1> <Delay = 7.04> <FuncUnit> <Opcode : 'dmul'> <InPorts = 2> <OutPorts = 1>
ST_32 : Operation 176 [2/5] (7.04ns)   --->   "%div6 = dmul i64 %mul1, i64 0.0078125" [PFN.cpp:75]   --->   Operation 176 'dmul' 'div6' <Predicate = true> <Delay = 7.04> <CoreInst = "DMul_maxdsp">   --->   Core 49 'DMul_maxdsp' <Latency = 4> <II = 1> <Delay = 7.04> <FuncUnit> <Opcode : 'dmul'> <InPorts = 2> <OutPorts = 1>

State 33 <SV = 32> <Delay = 7.04>
ST_33 : Operation 177 [1/22] (5.92ns)   --->   "%avg_x = ddiv i64 %avg_x_1_loc_load, i64 %conv1" [PFN.cpp:66]   --->   Operation 177 'ddiv' 'avg_x' <Predicate = true> <Delay = 5.92> <CoreInst = "DDiv">   --->   Core 39 'DDiv' <Latency = 21> <II = 1> <Delay = 5.92> <FuncUnit> <Opcode : 'ddiv' 'drem'> <InPorts = 2> <OutPorts = 1>
ST_33 : Operation 178 [1/22] (5.92ns)   --->   "%avg_y = ddiv i64 %avg_y_1_loc_load, i64 %conv1" [PFN.cpp:67]   --->   Operation 178 'ddiv' 'avg_y' <Predicate = true> <Delay = 5.92> <CoreInst = "DDiv">   --->   Core 39 'DDiv' <Latency = 21> <II = 1> <Delay = 5.92> <FuncUnit> <Opcode : 'ddiv' 'drem'> <InPorts = 2> <OutPorts = 1>
ST_33 : Operation 179 [1/22] (5.92ns)   --->   "%avg_z = ddiv i64 %avg_z_1_loc_load, i64 %conv1" [PFN.cpp:68]   --->   Operation 179 'ddiv' 'avg_z' <Predicate = true> <Delay = 5.92> <CoreInst = "DDiv">   --->   Core 39 'DDiv' <Latency = 21> <II = 1> <Delay = 5.92> <FuncUnit> <Opcode : 'ddiv' 'drem'> <InPorts = 2> <OutPorts = 1>
ST_33 : Operation 180 [1/5] (7.04ns)   --->   "%div5 = dmul i64 %mul, i64 0.0078125" [PFN.cpp:74]   --->   Operation 180 'dmul' 'div5' <Predicate = true> <Delay = 7.04> <CoreInst = "DMul_maxdsp">   --->   Core 49 'DMul_maxdsp' <Latency = 4> <II = 1> <Delay = 7.04> <FuncUnit> <Opcode : 'dmul'> <InPorts = 2> <OutPorts = 1>
ST_33 : Operation 181 [1/5] (7.04ns)   --->   "%div6 = dmul i64 %mul1, i64 0.0078125" [PFN.cpp:75]   --->   Operation 181 'dmul' 'div6' <Predicate = true> <Delay = 7.04> <CoreInst = "DMul_maxdsp">   --->   Core 49 'DMul_maxdsp' <Latency = 4> <II = 1> <Delay = 7.04> <FuncUnit> <Opcode : 'dmul'> <InPorts = 2> <OutPorts = 1>

State 34 <SV = 33> <Delay = 2.02>
ST_34 : Operation 182 [2/2] (2.02ns)   --->   "%call_ln60 = call void @calculate_pseudoimage_Pipeline_assign_loop, i32 %pseudoimage_count_load, i20 %tmp, i576 %pseudoimage_data, i64 %avg_x, i64 %avg_y, i64 %avg_z, i64 %div5, i64 %div6" [PFN.cpp:60]   --->   Operation 182 'call' 'call_ln60' <Predicate = true> <Delay = 2.02> <CoreType = "Generic">   --->   Generic Core

State 35 <SV = 34> <Delay = 0.00>
ST_35 : Operation 183 [1/1] (0.00ns)   --->   "%specloopname_ln52 = specloopname void @_ssdm_op_SpecLoopName, void @empty_4" [PFN.cpp:52]   --->   Operation 183 'specloopname' 'specloopname_ln52' <Predicate = true> <Delay = 0.00>
ST_35 : Operation 184 [1/2] (0.00ns)   --->   "%call_ln60 = call void @calculate_pseudoimage_Pipeline_assign_loop, i32 %pseudoimage_count_load, i20 %tmp, i576 %pseudoimage_data, i64 %avg_x, i64 %avg_y, i64 %avg_z, i64 %div5, i64 %div6" [PFN.cpp:60]   --->   Operation 184 'call' 'call_ln60' <Predicate = true> <Delay = 0.00> <CoreType = "Generic">   --->   Generic Core
ST_35 : Operation 185 [1/1] (0.00ns)   --->   "%br_ln52 = br void %sum_loop" [PFN.cpp:52]   --->   Operation 185 'br' 'br_ln52' <Predicate = true> <Delay = 0.00>


============================================================
+ Verbose Summary: Binding
============================================================
STG Binding: 
---------------- STG Properties BEGIN ----------------
- Is combinational: 0
- Is one-state seq: 0
- Is datapath-only: 0
- Is pipelined: 0
- Is top level: 1
Port [ Return ] is wired: 1; IO mode=ap_ctrl_hs:ce=0
Port [ pointcloud]:  wired=1; compound=1; hidden=0; nouse=0; global=0; static=0; extern=0; dir=0; type=1; pingpong=0; private_global=0; MemPort=[13]; IO mode=ap_memory:ce=0
Port [ pseudoimage_count]:  wired=1; compound=1; hidden=0; nouse=0; global=0; static=0; extern=0; dir=2; type=1; pingpong=0; private_global=0; MemPort=[23]; IO mode=ap_memory:ce=0
Port [ pseudoimage_data]:  wired=1; compound=1; hidden=0; nouse=0; global=0; static=0; extern=0; dir=2; type=1; pingpong=0; private_global=0; MemPort=[21]; IO mode=ap_memory:ce=0
---------------- STG Properties END ------------------

---------------- Datapath Model BEGIN ----------------

<LifeTime>
<method=bitvector/>
i_1                    (alloca        ) [ 011111111111111111111111111111111111]
avg_x_1_loc            (alloca        ) [ 001111111111111111111111111111111111]
avg_y_1_loc            (alloca        ) [ 001111111111111111111111111111111111]
avg_z_1_loc            (alloca        ) [ 001111111111111111111111111111111111]
pillar_count_loc       (alloca        ) [ 001111000000000000000000000000000000]
indices                (alloca        ) [ 001111111111111111111111111111111111]
indices_first          (alloca        ) [ 001111111111111111111111111111111111]
store_ln52             (store         ) [ 000000000000000000000000000000000000]
call_ln0               (call          ) [ 000000000000000000000000000000000000]
call_ln0               (call          ) [ 000000000000000000000000000000000000]
spectopmodule_ln28     (spectopmodule ) [ 000000000000000000000000000000000000]
specinterface_ln0      (specinterface ) [ 000000000000000000000000000000000000]
specbitsmap_ln0        (specbitsmap   ) [ 000000000000000000000000000000000000]
specinterface_ln0      (specinterface ) [ 000000000000000000000000000000000000]
specbitsmap_ln0        (specbitsmap   ) [ 000000000000000000000000000000000000]
specinterface_ln0      (specinterface ) [ 000000000000000000000000000000000000]
specbitsmap_ln0        (specbitsmap   ) [ 000000000000000000000000000000000000]
pillar_count_loc_load  (load          ) [ 000000111111111111111111111111111111]
br_ln52                (br            ) [ 000000000000000000000000000000000000]
i                      (load          ) [ 000000000000000000000000000000000000]
icmp_ln52              (icmp          ) [ 000000111111111111111111111111111111]
add_ln52               (add           ) [ 000000000000000000000000000000000000]
br_ln52                (br            ) [ 000000000000000000000000000000000000]
zext_ln52              (zext          ) [ 000000000000000000000000000000000000]
indices_addr           (getelementptr ) [ 000000010000000000000000000000000000]
indices_first_addr     (getelementptr ) [ 000000010000000000000000000000000000]
store_ln52             (store         ) [ 000000000000000000000000000000000000]
ret_ln78               (ret           ) [ 000000000000000000000000000000000000]
x                      (load          ) [ 000000001111111111111111000000000000]
trunc_ln53             (trunc         ) [ 000000000000000000000000000000000000]
y                      (load          ) [ 000000001111111111111111000000000000]
tmp_s                  (bitconcatenate) [ 000000000000000000000000000000000000]
trunc_ln60             (trunc         ) [ 000000000000000000000000000000000000]
add_ln60               (add           ) [ 000000001110000000000000000000000000]
zext_ln60              (zext          ) [ 000000000000000000000000000000000000]
pseudoimage_count_addr (getelementptr ) [ 000000001000000000000000000000000000]
pseudoimage_count_load (load          ) [ 000000000111111111111111111111111111]
tmp                    (bitconcatenate) [ 000000000001111111111111111111111111]
call_ln60              (call          ) [ 000000000000000000000000000000000000]
conv1                  (uitodp        ) [ 000000000000111111111111111111111100]
avg_z_1_loc_load       (load          ) [ 000000000000011111111111111111111100]
avg_y_1_loc_load       (load          ) [ 000000000000011111111111111111111100]
avg_x_1_loc_load       (load          ) [ 000000000000011111111111111111111100]
conv2                  (uitodp        ) [ 000000000000000000000000111110000000]
conv3                  (uitodp        ) [ 000000000000000000000000111110000000]
mul                    (dmul          ) [ 000000000000000000000000000001111100]
mul1                   (dmul          ) [ 000000000000000000000000000001111100]
avg_x                  (ddiv          ) [ 000000000000000000000000000000000011]
avg_y                  (ddiv          ) [ 000000000000000000000000000000000011]
avg_z                  (ddiv          ) [ 000000000000000000000000000000000011]
div5                   (dmul          ) [ 000000000000000000000000000000000011]
div6                   (dmul          ) [ 000000000000000000000000000000000011]
specloopname_ln52      (specloopname  ) [ 000000000000000000000000000000000000]
call_ln60              (call          ) [ 000000000000000000000000000000000000]
br_ln52                (br            ) [ 000000000000000000000000000000000000]
</LifeTime>

<model>

<comp_list>
<comp id="0" class="1000" name="pointcloud">
<pin_list>
<pin id="1" dir="1" index="0" bw="1" slack="0"/>
</pin_list>
<bind>
<StgValue><ssdm name="pointcloud"/><MemPortTyVec>1 3 </MemPortTyVec>
</StgValue>
</bind>
</comp>

<comp id="2" class="1000" name="pseudoimage_count">
<pin_list>
<pin id="3" dir="1" index="0" bw="1" slack="0"/>
</pin_list>
<bind>
<StgValue><ssdm name="pseudoimage_count"/><MemPortTyVec>2 3 </MemPortTyVec>
</StgValue>
</bind>
</comp>

<comp id="4" class="1000" name="pseudoimage_data">
<pin_list>
<pin id="5" dir="1" index="0" bw="1" slack="0"/>
</pin_list>
<bind>
<StgValue><ssdm name="pseudoimage_data"/><MemPortTyVec>2 1 </MemPortTyVec>
</StgValue>
</bind>
</comp>

<comp id="6" class="1001" name="const_6">
<pin_list>
<pin id="7" dir="1" index="0" bw="1" slack="0"/>
</pin_list>
<bind>
<StgValue><ssdm name=""/></StgValue>
</bind>
</comp>

<comp id="8" class="1001" name="const_8">
<pin_list>
<pin id="9" dir="1" index="0" bw="1" slack="0"/>
</pin_list>
<bind>
<StgValue><ssdm name=""/></StgValue>
</bind>
</comp>

<comp id="10" class="1001" name="const_10">
<pin_list>
<pin id="11" dir="1" index="0" bw="1" slack="0"/>
</pin_list>
<bind>
<StgValue><ssdm name="calculate_pseudoimage_Pipeline_1"/></StgValue>
</bind>
</comp>

<comp id="12" class="1001" name="const_12">
<pin_list>
<pin id="13" dir="1" index="0" bw="1" slack="0"/>
</pin_list>
<bind>
<StgValue><ssdm name=""/></StgValue>
</bind>
</comp>

<comp id="14" class="1001" name="const_14">
<pin_list>
<pin id="15" dir="1" index="0" bw="1" slack="0"/>
</pin_list>
<bind>
<StgValue><ssdm name="calculate_pseudoimage_Pipeline_collection_loop"/></StgValue>
</bind>
</comp>

<comp id="16" class="1001" name="const_16">
<pin_list>
<pin id="17" dir="1" index="0" bw="1" slack="2147483647"/>
</pin_list>
<bind>
<StgValue><ssdm name="_ssdm_op_SpecTopModule"/></StgValue>
</bind>
</comp>

<comp id="18" class="1001" name="const_18">
<pin_list>
<pin id="19" dir="1" index="0" bw="1" slack="2147483647"/>
</pin_list>
<bind>
<StgValue><ssdm name="empty_1"/></StgValue>
</bind>
</comp>

<comp id="20" class="1001" name="const_20">
<pin_list>
<pin id="21" dir="1" index="0" bw="1" slack="2147483647"/>
</pin_list>
<bind>
<StgValue><ssdm name="_ssdm_op_SpecInterface"/></StgValue>
</bind>
</comp>

<comp id="22" class="1001" name="const_22">
<pin_list>
<pin id="23" dir="1" index="0" bw="1" slack="2147483647"/>
</pin_list>
<bind>
<StgValue><ssdm name="empty"/></StgValue>
</bind>
</comp>

<comp id="24" class="1001" name="const_24">
<pin_list>
<pin id="25" dir="1" index="0" bw="1" slack="2147483647"/>
</pin_list>
<bind>
<StgValue><ssdm name="empty_0"/></StgValue>
</bind>
</comp>

<comp id="26" class="1001" name="const_26">
<pin_list>
<pin id="27" dir="1" index="0" bw="1" slack="2147483647"/>
</pin_list>
<bind>
<StgValue><ssdm name=""/></StgValue>
</bind>
</comp>

<comp id="28" class="1001" name="const_28">
<pin_list>
<pin id="29" dir="1" index="0" bw="1" slack="2147483647"/>
</pin_list>
<bind>
<StgValue><ssdm name="_ssdm_op_SpecBitsMap"/></StgValue>
</bind>
</comp>

<comp id="30" class="1001" name="const_30">
<pin_list>
<pin id="31" dir="1" index="0" bw="1" slack="0"/>
</pin_list>
<bind>
<StgValue><ssdm name=""/></StgValue>
</bind>
</comp>

<comp id="32" class="1001" name="const_32">
<pin_list>
<pin id="33" dir="1" index="0" bw="1" slack="0"/>
</pin_list>
<bind>
<StgValue><ssdm name="_ssdm_op_BitConcatenate.i14.i7.i7"/></StgValue>
</bind>
</comp>

<comp id="34" class="1001" name="const_34">
<pin_list>
<pin id="35" dir="1" index="0" bw="1" slack="0"/>
</pin_list>
<bind>
<StgValue><ssdm name=""/></StgValue>
</bind>
</comp>

<comp id="36" class="1001" name="const_36">
<pin_list>
<pin id="37" dir="1" index="0" bw="1" slack="0"/>
</pin_list>
<bind>
<StgValue><ssdm name="_ssdm_op_BitConcatenate.i20.i14.i6"/></StgValue>
</bind>
</comp>

<comp id="38" class="1001" name="const_38">
<pin_list>
<pin id="39" dir="1" index="0" bw="1" slack="0"/>
</pin_list>
<bind>
<StgValue><ssdm name=""/></StgValue>
</bind>
</comp>

<comp id="40" class="1001" name="const_40">
<pin_list>
<pin id="41" dir="1" index="0" bw="1" slack="0"/>
</pin_list>
<bind>
<StgValue><ssdm name="calculate_pseudoimage_Pipeline_sum_loop"/></StgValue>
</bind>
</comp>

<comp id="42" class="1001" name="const_42">
<pin_list>
<pin id="43" dir="1" index="0" bw="1" slack="0"/>
</pin_list>
<bind>
<StgValue><ssdm name=""/></StgValue>
</bind>
</comp>

<comp id="44" class="1001" name="const_44">
<pin_list>
<pin id="45" dir="1" index="0" bw="1" slack="0"/>
</pin_list>
<bind>
<StgValue><ssdm name=""/></StgValue>
</bind>
</comp>

<comp id="46" class="1001" name="const_46">
<pin_list>
<pin id="47" dir="1" index="0" bw="1" slack="0"/>
</pin_list>
<bind>
<StgValue><ssdm name="calculate_pseudoimage_Pipeline_assign_loop"/></StgValue>
</bind>
</comp>

<comp id="48" class="1001" name="const_48">
<pin_list>
<pin id="49" dir="1" index="0" bw="1" slack="2147483647"/>
</pin_list>
<bind>
<StgValue><ssdm name="_ssdm_op_SpecLoopName"/></StgValue>
</bind>
</comp>

<comp id="50" class="1001" name="const_50">
<pin_list>
<pin id="51" dir="1" index="0" bw="1" slack="2147483647"/>
</pin_list>
<bind>
<StgValue><ssdm name="empty_4"/></StgValue>
</bind>
</comp>

<comp id="52" class="1004" name="i_1_fu_52">
<pin_list>
<pin id="53" dir="0" index="0" bw="1" slack="0"/>
<pin id="54" dir="1" index="1" bw="32" slack="0"/>
</pin_list>
<bind>
<opcode="alloca(26) " fcode="alloca"/>
<opset="i_1/1 "/>
</bind>
</comp>

<comp id="56" class="1004" name="avg_x_1_loc_fu_56">
<pin_list>
<pin id="57" dir="0" index="0" bw="1" slack="0"/>
<pin id="58" dir="1" index="1" bw="64" slack="9"/>
</pin_list>
<bind>
<opcode="alloca(26) " fcode="alloca"/>
<opset="avg_x_1_loc/1 "/>
</bind>
</comp>

<comp id="60" class="1004" name="avg_y_1_loc_fu_60">
<pin_list>
<pin id="61" dir="0" index="0" bw="1" slack="0"/>
<pin id="62" dir="1" index="1" bw="64" slack="9"/>
</pin_list>
<bind>
<opcode="alloca(26) " fcode="alloca"/>
<opset="avg_y_1_loc/1 "/>
</bind>
</comp>

<comp id="64" class="1004" name="avg_z_1_loc_fu_64">
<pin_list>
<pin id="65" dir="0" index="0" bw="1" slack="0"/>
<pin id="66" dir="1" index="1" bw="64" slack="9"/>
</pin_list>
<bind>
<opcode="alloca(26) " fcode="alloca"/>
<opset="avg_z_1_loc/1 "/>
</bind>
</comp>

<comp id="68" class="1004" name="pillar_count_loc_fu_68">
<pin_list>
<pin id="69" dir="0" index="0" bw="1" slack="0"/>
<pin id="70" dir="1" index="1" bw="32" slack="2"/>
</pin_list>
<bind>
<opcode="alloca(26) " fcode="alloca"/>
<opset="pillar_count_loc/1 "/>
</bind>
</comp>

<comp id="72" class="1004" name="indices_alloca_fu_72">
<pin_list>
<pin id="73" dir="0" index="0" bw="1" slack="0"/>
<pin id="74" dir="1" index="1" bw="32" slack="0"/>
</pin_list>
<bind>
<opcode="alloca(26) " fcode="alloca"/>
<opset="indices/1 "/>
</bind>
</comp>

<comp id="76" class="1004" name="indices_first_alloca_fu_76">
<pin_list>
<pin id="77" dir="0" index="0" bw="1" slack="0"/>
<pin id="78" dir="1" index="1" bw="32" slack="0"/>
</pin_list>
<bind>
<opcode="alloca(26) " fcode="alloca"/>
<opset="indices_first/1 "/>
</bind>
</comp>

<comp id="80" class="1004" name="indices_addr_gep_fu_80">
<pin_list>
<pin id="81" dir="0" index="0" bw="32" slack="2147483647"/>
<pin id="82" dir="0" index="1" bw="1" slack="0"/>
<pin id="83" dir="0" index="2" bw="32" slack="0"/>
<pin id="84" dir="1" index="3" bw="10" slack="0"/>
</pin_list>
<bind>
<opcode="getelementptr(29) " fcode="getelementptr"/>
<opset="indices_addr/6 "/>
</bind>
</comp>

<comp id="86" class="1004" name="grp_access_fu_86">
<pin_list>
<pin id="87" dir="0" index="0" bw="10" slack="0"/>
<pin id="88" dir="0" index="1" bw="32" slack="2147483647"/>
<pin id="89" dir="0" index="2" bw="0" slack="2147483647"/>
<pin id="90" dir="1" index="3" bw="32" slack="0"/>
</pin_list>
<bind>
<opcode="load(27) " fcode="load"/>
<opset="x/6 "/>
</bind>
</comp>

<comp id="92" class="1004" name="indices_first_addr_gep_fu_92">
<pin_list>
<pin id="93" dir="0" index="0" bw="32" slack="2147483647"/>
<pin id="94" dir="0" index="1" bw="1" slack="0"/>
<pin id="95" dir="0" index="2" bw="32" slack="0"/>
<pin id="96" dir="1" index="3" bw="10" slack="0"/>
</pin_list>
<bind>
<opcode="getelementptr(29) " fcode="getelementptr"/>
<opset="indices_first_addr/6 "/>
</bind>
</comp>

<comp id="98" class="1004" name="grp_access_fu_98">
<pin_list>
<pin id="99" dir="0" index="0" bw="10" slack="0"/>
<pin id="100" dir="0" index="1" bw="32" slack="2147483647"/>
<pin id="101" dir="0" index="2" bw="0" slack="2147483647"/>
<pin id="102" dir="1" index="3" bw="32" slack="0"/>
</pin_list>
<bind>
<opcode="load(27) " fcode="load"/>
<opset="y/6 "/>
</bind>
</comp>

<comp id="104" class="1004" name="pseudoimage_count_addr_gep_fu_104">
<pin_list>
<pin id="105" dir="0" index="0" bw="32" slack="0"/>
<pin id="106" dir="0" index="1" bw="1" slack="0"/>
<pin id="107" dir="0" index="2" bw="14" slack="0"/>
<pin id="108" dir="1" index="3" bw="14" slack="0"/>
</pin_list>
<bind>
<opcode="getelementptr(29) " fcode="getelementptr"/>
<opset="pseudoimage_count_addr/7 "/>
</bind>
</comp>

<comp id="111" class="1004" name="grp_access_fu_111">
<pin_list>
<pin id="112" dir="0" index="0" bw="14" slack="0"/>
<pin id="113" dir="0" index="1" bw="32" slack="2147483647"/>
<pin id="114" dir="0" index="2" bw="0" slack="2147483647"/>
<pin id="115" dir="1" index="3" bw="32" slack="0"/>
</pin_list>
<bind>
<opcode="load(27) " fcode="load"/>
<opset="pseudoimage_count_load/7 "/>
</bind>
</comp>

<comp id="117" class="1004" name="grp_calculate_pseudoimage_Pipeline_1_fu_117">
<pin_list>
<pin id="118" dir="0" index="0" bw="0" slack="0"/>
<pin id="119" dir="0" index="1" bw="32" slack="0"/>
<pin id="120" dir="0" index="2" bw="32" slack="0"/>
<pin id="121" dir="1" index="3" bw="0" slack="2147483647"/>
</pin_list>
<bind>
<opcode="call(48) " fcode="call"/>
<opset="call_ln0/1 "/>
</bind>
</comp>

<comp id="125" class="1004" name="grp_calculate_pseudoimage_Pipeline_collection_loop_fu_125">
<pin_list>
<pin id="126" dir="0" index="0" bw="0" slack="0"/>
<pin id="127" dir="0" index="1" bw="256" slack="0"/>
<pin id="128" dir="0" index="2" bw="32" slack="0"/>
<pin id="129" dir="0" index="3" bw="576" slack="0"/>
<pin id="130" dir="0" index="4" bw="32" slack="2147483647"/>
<pin id="131" dir="0" index="5" bw="32" slack="2147483647"/>
<pin id="132" dir="0" index="6" bw="32" slack="2"/>
<pin id="133" dir="1" index="7" bw="0" slack="2147483647"/>
</pin_list>
<bind>
<opcode="call(48) " fcode="call"/>
<opset="call_ln0/3 "/>
</bind>
</comp>

<comp id="138" class="1004" name="grp_calculate_pseudoimage_Pipeline_sum_loop_fu_138">
<pin_list>
<pin id="139" dir="0" index="0" bw="0" slack="0"/>
<pin id="140" dir="0" index="1" bw="32" slack="2"/>
<pin id="141" dir="0" index="2" bw="20" slack="0"/>
<pin id="142" dir="0" index="3" bw="576" slack="0"/>
<pin id="143" dir="0" index="4" bw="64" slack="9"/>
<pin id="144" dir="0" index="5" bw="64" slack="9"/>
<pin id="145" dir="0" index="6" bw="64" slack="9"/>
<pin id="146" dir="1" index="7" bw="0" slack="2147483647"/>
</pin_list>
<bind>
<opcode="call(48) " fcode="call"/>
<opset="call_ln60/10 "/>
</bind>
</comp>

<comp id="149" class="1004" name="grp_calculate_pseudoimage_Pipeline_assign_loop_fu_149">
<pin_list>
<pin id="150" dir="0" index="0" bw="0" slack="0"/>
<pin id="151" dir="0" index="1" bw="32" slack="26"/>
<pin id="152" dir="0" index="2" bw="20" slack="24"/>
<pin id="153" dir="0" index="3" bw="576" slack="0"/>
<pin id="154" dir="0" index="4" bw="64" slack="1"/>
<pin id="155" dir="0" index="5" bw="64" slack="1"/>
<pin id="156" dir="0" index="6" bw="64" slack="1"/>
<pin id="157" dir="0" index="7" bw="64" slack="1"/>
<pin id="158" dir="0" index="8" bw="64" slack="1"/>
<pin id="159" dir="1" index="9" bw="0" slack="2147483647"/>
</pin_list>
<bind>
<opcode="call(48) " fcode="call"/>
<opset="call_ln60/34 "/>
</bind>
</comp>

<comp id="162" class="1004" name="grp_fu_162">
<pin_list>
<pin id="163" dir="0" index="0" bw="64" slack="1"/>
<pin id="164" dir="0" index="1" bw="64" slack="0"/>
<pin id="165" dir="1" index="2" bw="64" slack="1"/>
</pin_list>
<bind>
<opcode="dmul(510) " fcode="dmul"/>
<opset="mul/24 div5/29 "/>
</bind>
</comp>

<comp id="167" class="1004" name="grp_fu_167">
<pin_list>
<pin id="168" dir="0" index="0" bw="64" slack="1"/>
<pin id="169" dir="0" index="1" bw="64" slack="0"/>
<pin id="170" dir="1" index="2" bw="64" slack="1"/>
</pin_list>
<bind>
<opcode="dmul(510) " fcode="dmul"/>
<opset="mul1/24 div6/29 "/>
</bind>
</comp>

<comp id="174" class="1004" name="grp_fu_174">
<pin_list>
<pin id="175" dir="0" index="0" bw="64" slack="0"/>
<pin id="176" dir="0" index="1" bw="64" slack="1"/>
<pin id="177" dir="1" index="2" bw="64" slack="1"/>
</pin_list>
<bind>
<opcode="ddiv(511) " fcode="ddiv"/>
<opset="avg_x/12 "/>
</bind>
</comp>

<comp id="178" class="1004" name="grp_fu_178">
<pin_list>
<pin id="179" dir="0" index="0" bw="64" slack="0"/>
<pin id="180" dir="0" index="1" bw="64" slack="1"/>
<pin id="181" dir="1" index="2" bw="64" slack="1"/>
</pin_list>
<bind>
<opcode="ddiv(511) " fcode="ddiv"/>
<opset="avg_y/12 "/>
</bind>
</comp>

<comp id="182" class="1004" name="grp_fu_182">
<pin_list>
<pin id="183" dir="0" index="0" bw="64" slack="0"/>
<pin id="184" dir="0" index="1" bw="64" slack="1"/>
<pin id="185" dir="1" index="2" bw="64" slack="1"/>
</pin_list>
<bind>
<opcode="ddiv(511) " fcode="ddiv"/>
<opset="avg_z/12 "/>
</bind>
</comp>

<comp id="186" class="1004" name="grp_fu_186">
<pin_list>
<pin id="187" dir="0" index="0" bw="32" slack="0"/>
<pin id="188" dir="1" index="1" bw="64" slack="1"/>
</pin_list>
<bind>
<opcode="uitodp(516) " fcode="uitodp"/>
<opset="conv1/8 conv2/20 "/>
</bind>
</comp>

<comp id="190" class="1004" name="grp_fu_190">
<pin_list>
<pin id="191" dir="0" index="0" bw="32" slack="13"/>
<pin id="192" dir="1" index="1" bw="64" slack="1"/>
</pin_list>
<bind>
<opcode="uitodp(516) " fcode="uitodp"/>
<opset="conv3/20 "/>
</bind>
</comp>

<comp id="193" class="1005" name="reg_193">
<pin_list>
<pin id="194" dir="0" index="0" bw="64" slack="1"/>
<pin id="195" dir="1" index="1" bw="64" slack="1"/>
</pin_list>
<bind>
<opset="mul div5 "/>
</bind>
</comp>

<comp id="199" class="1005" name="reg_199">
<pin_list>
<pin id="200" dir="0" index="0" bw="64" slack="1"/>
<pin id="201" dir="1" index="1" bw="64" slack="1"/>
</pin_list>
<bind>
<opset="mul1 div6 "/>
</bind>
</comp>

<comp id="205" class="1004" name="store_ln52_store_fu_205">
<pin_list>
<pin id="206" dir="0" index="0" bw="1" slack="0"/>
<pin id="207" dir="0" index="1" bw="32" slack="0"/>
<pin id="208" dir="1" index="2" bw="0" slack="2147483647"/>
</pin_list>
<bind>
<opcode="store(28) " fcode="store"/>
<opset="store_ln52/1 "/>
</bind>
</comp>

<comp id="210" class="1004" name="pillar_count_loc_load_load_fu_210">
<pin_list>
<pin id="211" dir="0" index="0" bw="32" slack="4"/>
<pin id="212" dir="1" index="1" bw="32" slack="2147483647"/>
</pin_list>
<bind>
<opcode="load(27) " fcode="load"/>
<opset="pillar_count_loc_load/5 "/>
</bind>
</comp>

<comp id="213" class="1004" name="i_load_fu_213">
<pin_list>
<pin id="214" dir="0" index="0" bw="32" slack="5"/>
<pin id="215" dir="1" index="1" bw="32" slack="0"/>
</pin_list>
<bind>
<opcode="load(27) " fcode="load"/>
<opset="i/6 "/>
</bind>
</comp>

<comp id="216" class="1004" name="icmp_ln52_fu_216">
<pin_list>
<pin id="217" dir="0" index="0" bw="32" slack="0"/>
<pin id="218" dir="0" index="1" bw="32" slack="2147483647"/>
<pin id="219" dir="1" index="2" bw="1" slack="2147483647"/>
</pin_list>
<bind>
<opcode="icmp(45) " fcode="icmp"/>
<opset="icmp_ln52/6 "/>
</bind>
</comp>

<comp id="221" class="1004" name="add_ln52_fu_221">
<pin_list>
<pin id="222" dir="0" index="0" bw="32" slack="0"/>
<pin id="223" dir="0" index="1" bw="1" slack="0"/>
<pin id="224" dir="1" index="2" bw="32" slack="0"/>
</pin_list>
<bind>
<opcode="add(8) " fcode="add"/>
<opset="add_ln52/6 "/>
</bind>
</comp>

<comp id="227" class="1004" name="zext_ln52_fu_227">
<pin_list>
<pin id="228" dir="0" index="0" bw="32" slack="0"/>
<pin id="229" dir="1" index="1" bw="64" slack="0"/>
</pin_list>
<bind>
<opcode="zext(34) " fcode="zext"/>
<opset="zext_ln52/6 "/>
</bind>
</comp>

<comp id="233" class="1004" name="store_ln52_store_fu_233">
<pin_list>
<pin id="234" dir="0" index="0" bw="32" slack="0"/>
<pin id="235" dir="0" index="1" bw="32" slack="5"/>
<pin id="236" dir="1" index="2" bw="0" slack="2147483647"/>
</pin_list>
<bind>
<opcode="store(28) " fcode="store"/>
<opset="store_ln52/6 "/>
</bind>
</comp>

<comp id="238" class="1004" name="trunc_ln53_fu_238">
<pin_list>
<pin id="239" dir="0" index="0" bw="32" slack="0"/>
<pin id="240" dir="1" index="1" bw="7" slack="0"/>
</pin_list>
<bind>
<opcode="trunc(33) " fcode="trunc"/>
<opset="trunc_ln53/7 "/>
</bind>
</comp>

<comp id="242" class="1004" name="tmp_s_fu_242">
<pin_list>
<pin id="243" dir="0" index="0" bw="14" slack="0"/>
<pin id="244" dir="0" index="1" bw="7" slack="0"/>
<pin id="245" dir="0" index="2" bw="1" slack="0"/>
<pin id="246" dir="1" index="3" bw="14" slack="0"/>
</pin_list>
<bind>
<opcode="bitconcatenate(1004) " fcode="bitconcatenate"/>
<opset="tmp_s/7 "/>
</bind>
</comp>

<comp id="250" class="1004" name="trunc_ln60_fu_250">
<pin_list>
<pin id="251" dir="0" index="0" bw="32" slack="0"/>
<pin id="252" dir="1" index="1" bw="14" slack="0"/>
</pin_list>
<bind>
<opcode="trunc(33) " fcode="trunc"/>
<opset="trunc_ln60/7 "/>
</bind>
</comp>

<comp id="254" class="1004" name="add_ln60_fu_254">
<pin_list>
<pin id="255" dir="0" index="0" bw="14" slack="0"/>
<pin id="256" dir="0" index="1" bw="14" slack="0"/>
<pin id="257" dir="1" index="2" bw="14" slack="0"/>
</pin_list>
<bind>
<opcode="add(8) " fcode="add"/>
<opset="add_ln60/7 "/>
</bind>
</comp>

<comp id="260" class="1004" name="zext_ln60_fu_260">
<pin_list>
<pin id="261" dir="0" index="0" bw="14" slack="0"/>
<pin id="262" dir="1" index="1" bw="64" slack="0"/>
</pin_list>
<bind>
<opcode="zext(34) " fcode="zext"/>
<opset="zext_ln60/7 "/>
</bind>
</comp>

<comp id="265" class="1004" name="tmp_fu_265">
<pin_list>
<pin id="266" dir="0" index="0" bw="20" slack="0"/>
<pin id="267" dir="0" index="1" bw="14" slack="3"/>
<pin id="268" dir="0" index="2" bw="1" slack="0"/>
<pin id="269" dir="1" index="3" bw="20" slack="0"/>
</pin_list>
<bind>
<opcode="bitconcatenate(1004) " fcode="bitconcatenate"/>
<opset="tmp/10 "/>
</bind>
</comp>

<comp id="273" class="1004" name="avg_z_1_loc_load_load_fu_273">
<pin_list>
<pin id="274" dir="0" index="0" bw="64" slack="11"/>
<pin id="275" dir="1" index="1" bw="64" slack="0"/>
</pin_list>
<bind>
<opcode="load(27) " fcode="load"/>
<opset="avg_z_1_loc_load/12 "/>
</bind>
</comp>

<comp id="277" class="1004" name="avg_y_1_loc_load_load_fu_277">
<pin_list>
<pin id="278" dir="0" index="0" bw="64" slack="11"/>
<pin id="279" dir="1" index="1" bw="64" slack="0"/>
</pin_list>
<bind>
<opcode="load(27) " fcode="load"/>
<opset="avg_y_1_loc_load/12 "/>
</bind>
</comp>

<comp id="281" class="1004" name="avg_x_1_loc_load_load_fu_281">
<pin_list>
<pin id="282" dir="0" index="0" bw="64" slack="11"/>
<pin id="283" dir="1" index="1" bw="64" slack="0"/>
</pin_list>
<bind>
<opcode="load(27) " fcode="load"/>
<opset="avg_x_1_loc_load/12 "/>
</bind>
</comp>

<comp id="285" class="1005" name="i_1_reg_285">
<pin_list>
<pin id="286" dir="0" index="0" bw="32" slack="0"/>
<pin id="287" dir="1" index="1" bw="32" slack="0"/>
</pin_list>
<bind>
<opset="i_1 "/>
</bind>
</comp>

<comp id="292" class="1005" name="avg_x_1_loc_reg_292">
<pin_list>
<pin id="293" dir="0" index="0" bw="64" slack="9"/>
<pin id="294" dir="1" index="1" bw="64" slack="9"/>
</pin_list>
<bind>
<opset="avg_x_1_loc "/>
</bind>
</comp>

<comp id="298" class="1005" name="avg_y_1_loc_reg_298">
<pin_list>
<pin id="299" dir="0" index="0" bw="64" slack="9"/>
<pin id="300" dir="1" index="1" bw="64" slack="9"/>
</pin_list>
<bind>
<opset="avg_y_1_loc "/>
</bind>
</comp>

<comp id="304" class="1005" name="avg_z_1_loc_reg_304">
<pin_list>
<pin id="305" dir="0" index="0" bw="64" slack="9"/>
<pin id="306" dir="1" index="1" bw="64" slack="9"/>
</pin_list>
<bind>
<opset="avg_z_1_loc "/>
</bind>
</comp>

<comp id="310" class="1005" name="pillar_count_loc_reg_310">
<pin_list>
<pin id="311" dir="0" index="0" bw="32" slack="2"/>
<pin id="312" dir="1" index="1" bw="32" slack="2"/>
</pin_list>
<bind>
<opset="pillar_count_loc "/>
</bind>
</comp>

<comp id="322" class="1005" name="indices_addr_reg_322">
<pin_list>
<pin id="323" dir="0" index="0" bw="10" slack="1"/>
<pin id="324" dir="1" index="1" bw="10" slack="1"/>
</pin_list>
<bind>
<opset="indices_addr "/>
</bind>
</comp>

<comp id="327" class="1005" name="indices_first_addr_reg_327">
<pin_list>
<pin id="328" dir="0" index="0" bw="10" slack="1"/>
<pin id="329" dir="1" index="1" bw="10" slack="1"/>
</pin_list>
<bind>
<opset="indices_first_addr "/>
</bind>
</comp>

<comp id="332" class="1005" name="x_reg_332">
<pin_list>
<pin id="333" dir="0" index="0" bw="32" slack="13"/>
<pin id="334" dir="1" index="1" bw="32" slack="13"/>
</pin_list>
<bind>
<opset="x "/>
</bind>
</comp>

<comp id="337" class="1005" name="y_reg_337">
<pin_list>
<pin id="338" dir="0" index="0" bw="32" slack="13"/>
<pin id="339" dir="1" index="1" bw="32" slack="13"/>
</pin_list>
<bind>
<opset="y "/>
</bind>
</comp>

<comp id="342" class="1005" name="add_ln60_reg_342">
<pin_list>
<pin id="343" dir="0" index="0" bw="14" slack="3"/>
<pin id="344" dir="1" index="1" bw="14" slack="3"/>
</pin_list>
<bind>
<opset="add_ln60 "/>
</bind>
</comp>

<comp id="347" class="1005" name="pseudoimage_count_addr_reg_347">
<pin_list>
<pin id="348" dir="0" index="0" bw="14" slack="1"/>
<pin id="349" dir="1" index="1" bw="14" slack="1"/>
</pin_list>
<bind>
<opset="pseudoimage_count_addr "/>
</bind>
</comp>

<comp id="352" class="1005" name="pseudoimage_count_load_reg_352">
<pin_list>
<pin id="353" dir="0" index="0" bw="32" slack="1"/>
<pin id="354" dir="1" index="1" bw="32" slack="1"/>
</pin_list>
<bind>
<opset="pseudoimage_count_load "/>
</bind>
</comp>

<comp id="359" class="1005" name="tmp_reg_359">
<pin_list>
<pin id="360" dir="0" index="0" bw="20" slack="1"/>
<pin id="361" dir="1" index="1" bw="20" slack="1"/>
</pin_list>
<bind>
<opset="tmp "/>
</bind>
</comp>

<comp id="365" class="1005" name="conv1_reg_365">
<pin_list>
<pin id="366" dir="0" index="0" bw="64" slack="1"/>
<pin id="367" dir="1" index="1" bw="64" slack="1"/>
</pin_list>
<bind>
<opset="conv1 "/>
</bind>
</comp>

<comp id="381" class="1005" name="conv2_reg_381">
<pin_list>
<pin id="382" dir="0" index="0" bw="64" slack="1"/>
<pin id="383" dir="1" index="1" bw="64" slack="1"/>
</pin_list>
<bind>
<opset="conv2 "/>
</bind>
</comp>

<comp id="386" class="1005" name="conv3_reg_386">
<pin_list>
<pin id="387" dir="0" index="0" bw="64" slack="1"/>
<pin id="388" dir="1" index="1" bw="64" slack="1"/>
</pin_list>
<bind>
<opset="conv3 "/>
</bind>
</comp>

<comp id="391" class="1005" name="avg_x_reg_391">
<pin_list>
<pin id="392" dir="0" index="0" bw="64" slack="1"/>
<pin id="393" dir="1" index="1" bw="64" slack="1"/>
</pin_list>
<bind>
<opset="avg_x "/>
</bind>
</comp>

<comp id="396" class="1005" name="avg_y_reg_396">
<pin_list>
<pin id="397" dir="0" index="0" bw="64" slack="1"/>
<pin id="398" dir="1" index="1" bw="64" slack="1"/>
</pin_list>
<bind>
<opset="avg_y "/>
</bind>
</comp>

<comp id="401" class="1005" name="avg_z_reg_401">
<pin_list>
<pin id="402" dir="0" index="0" bw="64" slack="1"/>
<pin id="403" dir="1" index="1" bw="64" slack="1"/>
</pin_list>
<bind>
<opset="avg_z "/>
</bind>
</comp>

</comp_list>

<net_list>
<net id="55"><net_src comp="6" pin="0"/><net_sink comp="52" pin=0"/></net>

<net id="59"><net_src comp="8" pin="0"/><net_sink comp="56" pin=0"/></net>

<net id="63"><net_src comp="8" pin="0"/><net_sink comp="60" pin=0"/></net>

<net id="67"><net_src comp="8" pin="0"/><net_sink comp="64" pin=0"/></net>

<net id="71"><net_src comp="8" pin="0"/><net_sink comp="68" pin=0"/></net>

<net id="75"><net_src comp="8" pin="0"/><net_sink comp="72" pin=0"/></net>

<net id="79"><net_src comp="8" pin="0"/><net_sink comp="76" pin=0"/></net>

<net id="85"><net_src comp="30" pin="0"/><net_sink comp="80" pin=1"/></net>

<net id="91"><net_src comp="80" pin="3"/><net_sink comp="86" pin=0"/></net>

<net id="97"><net_src comp="30" pin="0"/><net_sink comp="92" pin=1"/></net>

<net id="103"><net_src comp="92" pin="3"/><net_sink comp="98" pin=0"/></net>

<net id="109"><net_src comp="2" pin="0"/><net_sink comp="104" pin=0"/></net>

<net id="110"><net_src comp="30" pin="0"/><net_sink comp="104" pin=1"/></net>

<net id="116"><net_src comp="104" pin="3"/><net_sink comp="111" pin=0"/></net>

<net id="122"><net_src comp="10" pin="0"/><net_sink comp="117" pin=0"/></net>

<net id="123"><net_src comp="72" pin="1"/><net_sink comp="117" pin=1"/></net>

<net id="124"><net_src comp="76" pin="1"/><net_sink comp="117" pin=2"/></net>

<net id="134"><net_src comp="14" pin="0"/><net_sink comp="125" pin=0"/></net>

<net id="135"><net_src comp="0" pin="0"/><net_sink comp="125" pin=1"/></net>

<net id="136"><net_src comp="2" pin="0"/><net_sink comp="125" pin=2"/></net>

<net id="137"><net_src comp="4" pin="0"/><net_sink comp="125" pin=3"/></net>

<net id="147"><net_src comp="40" pin="0"/><net_sink comp="138" pin=0"/></net>

<net id="148"><net_src comp="4" pin="0"/><net_sink comp="138" pin=3"/></net>

<net id="160"><net_src comp="46" pin="0"/><net_sink comp="149" pin=0"/></net>

<net id="161"><net_src comp="4" pin="0"/><net_sink comp="149" pin=3"/></net>

<net id="166"><net_src comp="42" pin="0"/><net_sink comp="162" pin=1"/></net>

<net id="171"><net_src comp="42" pin="0"/><net_sink comp="167" pin=1"/></net>

<net id="172"><net_src comp="44" pin="0"/><net_sink comp="162" pin=1"/></net>

<net id="173"><net_src comp="44" pin="0"/><net_sink comp="167" pin=1"/></net>

<net id="189"><net_src comp="111" pin="3"/><net_sink comp="186" pin=0"/></net>

<net id="196"><net_src comp="162" pin="2"/><net_sink comp="193" pin=0"/></net>

<net id="197"><net_src comp="193" pin="1"/><net_sink comp="162" pin=0"/></net>

<net id="198"><net_src comp="193" pin="1"/><net_sink comp="149" pin=7"/></net>

<net id="202"><net_src comp="167" pin="2"/><net_sink comp="199" pin=0"/></net>

<net id="203"><net_src comp="199" pin="1"/><net_sink comp="167" pin=0"/></net>

<net id="204"><net_src comp="199" pin="1"/><net_sink comp="149" pin=8"/></net>

<net id="209"><net_src comp="12" pin="0"/><net_sink comp="205" pin=0"/></net>

<net id="220"><net_src comp="213" pin="1"/><net_sink comp="216" pin=0"/></net>

<net id="225"><net_src comp="213" pin="1"/><net_sink comp="221" pin=0"/></net>

<net id="226"><net_src comp="6" pin="0"/><net_sink comp="221" pin=1"/></net>

<net id="230"><net_src comp="213" pin="1"/><net_sink comp="227" pin=0"/></net>

<net id="231"><net_src comp="227" pin="1"/><net_sink comp="80" pin=2"/></net>

<net id="232"><net_src comp="227" pin="1"/><net_sink comp="92" pin=2"/></net>

<net id="237"><net_src comp="221" pin="2"/><net_sink comp="233" pin=0"/></net>

<net id="241"><net_src comp="86" pin="3"/><net_sink comp="238" pin=0"/></net>

<net id="247"><net_src comp="32" pin="0"/><net_sink comp="242" pin=0"/></net>

<net id="248"><net_src comp="238" pin="1"/><net_sink comp="242" pin=1"/></net>

<net id="249"><net_src comp="34" pin="0"/><net_sink comp="242" pin=2"/></net>

<net id="253"><net_src comp="98" pin="3"/><net_sink comp="250" pin=0"/></net>

<net id="258"><net_src comp="242" pin="3"/><net_sink comp="254" pin=0"/></net>

<net id="259"><net_src comp="250" pin="1"/><net_sink comp="254" pin=1"/></net>

<net id="263"><net_src comp="254" pin="2"/><net_sink comp="260" pin=0"/></net>

<net id="264"><net_src comp="260" pin="1"/><net_sink comp="104" pin=2"/></net>

<net id="270"><net_src comp="36" pin="0"/><net_sink comp="265" pin=0"/></net>

<net id="271"><net_src comp="38" pin="0"/><net_sink comp="265" pin=2"/></net>

<net id="272"><net_src comp="265" pin="3"/><net_sink comp="138" pin=2"/></net>

<net id="276"><net_src comp="273" pin="1"/><net_sink comp="182" pin=0"/></net>

<net id="280"><net_src comp="277" pin="1"/><net_sink comp="178" pin=0"/></net>

<net id="284"><net_src comp="281" pin="1"/><net_sink comp="174" pin=0"/></net>

<net id="288"><net_src comp="52" pin="1"/><net_sink comp="285" pin=0"/></net>

<net id="289"><net_src comp="285" pin="1"/><net_sink comp="205" pin=1"/></net>

<net id="290"><net_src comp="285" pin="1"/><net_sink comp="213" pin=0"/></net>

<net id="291"><net_src comp="285" pin="1"/><net_sink comp="233" pin=1"/></net>

<net id="295"><net_src comp="56" pin="1"/><net_sink comp="292" pin=0"/></net>

<net id="296"><net_src comp="292" pin="1"/><net_sink comp="138" pin=6"/></net>

<net id="297"><net_src comp="292" pin="1"/><net_sink comp="281" pin=0"/></net>

<net id="301"><net_src comp="60" pin="1"/><net_sink comp="298" pin=0"/></net>

<net id="302"><net_src comp="298" pin="1"/><net_sink comp="138" pin=5"/></net>

<net id="303"><net_src comp="298" pin="1"/><net_sink comp="277" pin=0"/></net>

<net id="307"><net_src comp="64" pin="1"/><net_sink comp="304" pin=0"/></net>

<net id="308"><net_src comp="304" pin="1"/><net_sink comp="138" pin=4"/></net>

<net id="309"><net_src comp="304" pin="1"/><net_sink comp="273" pin=0"/></net>

<net id="313"><net_src comp="68" pin="1"/><net_sink comp="310" pin=0"/></net>

<net id="314"><net_src comp="310" pin="1"/><net_sink comp="125" pin=6"/></net>

<net id="315"><net_src comp="310" pin="1"/><net_sink comp="210" pin=0"/></net>

<net id="325"><net_src comp="80" pin="3"/><net_sink comp="322" pin=0"/></net>

<net id="326"><net_src comp="322" pin="1"/><net_sink comp="86" pin=0"/></net>

<net id="330"><net_src comp="92" pin="3"/><net_sink comp="327" pin=0"/></net>

<net id="331"><net_src comp="327" pin="1"/><net_sink comp="98" pin=0"/></net>

<net id="335"><net_src comp="86" pin="3"/><net_sink comp="332" pin=0"/></net>

<net id="336"><net_src comp="332" pin="1"/><net_sink comp="186" pin=0"/></net>

<net id="340"><net_src comp="98" pin="3"/><net_sink comp="337" pin=0"/></net>

<net id="341"><net_src comp="337" pin="1"/><net_sink comp="190" pin=0"/></net>

<net id="345"><net_src comp="254" pin="2"/><net_sink comp="342" pin=0"/></net>

<net id="346"><net_src comp="342" pin="1"/><net_sink comp="265" pin=1"/></net>

<net id="350"><net_src comp="104" pin="3"/><net_sink comp="347" pin=0"/></net>

<net id="351"><net_src comp="347" pin="1"/><net_sink comp="111" pin=0"/></net>

<net id="355"><net_src comp="111" pin="3"/><net_sink comp="352" pin=0"/></net>

<net id="356"><net_src comp="352" pin="1"/><net_sink comp="186" pin=0"/></net>

<net id="357"><net_src comp="352" pin="1"/><net_sink comp="138" pin=1"/></net>

<net id="358"><net_src comp="352" pin="1"/><net_sink comp="149" pin=1"/></net>

<net id="362"><net_src comp="265" pin="3"/><net_sink comp="359" pin=0"/></net>

<net id="363"><net_src comp="359" pin="1"/><net_sink comp="138" pin=2"/></net>

<net id="364"><net_src comp="359" pin="1"/><net_sink comp="149" pin=2"/></net>

<net id="368"><net_src comp="186" pin="1"/><net_sink comp="365" pin=0"/></net>

<net id="369"><net_src comp="365" pin="1"/><net_sink comp="174" pin=1"/></net>

<net id="370"><net_src comp="365" pin="1"/><net_sink comp="178" pin=1"/></net>

<net id="371"><net_src comp="365" pin="1"/><net_sink comp="182" pin=1"/></net>

<net id="384"><net_src comp="186" pin="1"/><net_sink comp="381" pin=0"/></net>

<net id="385"><net_src comp="381" pin="1"/><net_sink comp="162" pin=0"/></net>

<net id="389"><net_src comp="190" pin="1"/><net_sink comp="386" pin=0"/></net>

<net id="390"><net_src comp="386" pin="1"/><net_sink comp="167" pin=0"/></net>

<net id="394"><net_src comp="174" pin="2"/><net_sink comp="391" pin=0"/></net>

<net id="395"><net_src comp="391" pin="1"/><net_sink comp="149" pin=4"/></net>

<net id="399"><net_src comp="178" pin="2"/><net_sink comp="396" pin=0"/></net>

<net id="400"><net_src comp="396" pin="1"/><net_sink comp="149" pin=5"/></net>

<net id="404"><net_src comp="182" pin="2"/><net_sink comp="401" pin=0"/></net>

<net id="405"><net_src comp="401" pin="1"/><net_sink comp="149" pin=6"/></net>

</net_list>

</model> 
---------------- Datapath Model END ------------------

* FSMD analyzer results:
  - Output states:
	Port: pseudoimage_count | {3 4 }
	Port: pseudoimage_data | {3 4 34 35 }
 - Input state : 
	Port: calculate_pseudoimage : pointcloud | {3 4 }
	Port: calculate_pseudoimage : pseudoimage_count | {3 4 7 8 }
	Port: calculate_pseudoimage : pseudoimage_data | {3 4 10 11 34 35 }
  - Chain level:
	State 1
		call_ln0 : 1
		store_ln52 : 1
	State 2
	State 3
	State 4
	State 5
	State 6
		icmp_ln52 : 1
		add_ln52 : 1
		br_ln52 : 2
		zext_ln52 : 1
		indices_addr : 2
		x : 3
		indices_first_addr : 2
		y : 3
		store_ln52 : 2
	State 7
		trunc_ln53 : 1
		tmp_s : 2
		trunc_ln60 : 1
		add_ln60 : 3
		zext_ln60 : 4
		pseudoimage_count_addr : 5
		pseudoimage_count_load : 6
	State 8
		conv1 : 1
	State 9
	State 10
		call_ln60 : 1
	State 11
	State 12
		avg_x : 1
		avg_y : 1
		avg_z : 1
	State 13
	State 14
	State 15
	State 16
	State 17
	State 18
	State 19
	State 20
	State 21
	State 22
	State 23
	State 24
	State 25
	State 26
	State 27
	State 28
	State 29
	State 30
	State 31
	State 32
	State 33
	State 34
	State 35


============================================================
+ Verbose Summary: Datapath Resource usage 
============================================================

* Functional unit list:
|----------|-----------------------------------------------------------|---------|---------|---------|---------|
| Operation|                      Functional Unit                      |   DSP   |  Delay  |    FF   |   LUT   |
|----------|-----------------------------------------------------------|---------|---------|---------|---------|
|          |        grp_calculate_pseudoimage_Pipeline_1_fu_117        |    0    |    0    |    10   |    34   |
|   call   | grp_calculate_pseudoimage_Pipeline_collection_loop_fu_125 |    0    | 2.79114 |   854   |   1857  |
|          |     grp_calculate_pseudoimage_Pipeline_sum_loop_fu_138    |    3    | 2.01857 |   1202  |   958   |
|          |   grp_calculate_pseudoimage_Pipeline_assign_loop_fu_149   |    15   |  3.228  |   3035  |   4058  |
|----------|-----------------------------------------------------------|---------|---------|---------|---------|
|   dmul   |                         grp_fu_162                        |    11   |    0    |   299   |   203   |
|          |                         grp_fu_167                        |    11   |    0    |   299   |   203   |
|----------|-----------------------------------------------------------|---------|---------|---------|---------|
|    add   |                      add_ln52_fu_221                      |    0    |    0    |    0    |    39   |
|          |                      add_ln60_fu_254                      |    0    |    0    |    0    |    21   |
|----------|-----------------------------------------------------------|---------|---------|---------|---------|
|   icmp   |                      icmp_ln52_fu_216                     |    0    |    0    |    0    |    39   |
|----------|-----------------------------------------------------------|---------|---------|---------|---------|
|          |                         grp_fu_174                        |    0    |    0    |    0    |    0    |
|   ddiv   |                         grp_fu_178                        |    0    |    0    |    0    |    0    |
|          |                         grp_fu_182                        |    0    |    0    |    0    |    0    |
|----------|-----------------------------------------------------------|---------|---------|---------|---------|
|  uitodp  |                         grp_fu_186                        |    0    |    0    |    0    |    0    |
|          |                         grp_fu_190                        |    0    |    0    |    0    |    0    |
|----------|-----------------------------------------------------------|---------|---------|---------|---------|
|   zext   |                      zext_ln52_fu_227                     |    0    |    0    |    0    |    0    |
|          |                      zext_ln60_fu_260                     |    0    |    0    |    0    |    0    |
|----------|-----------------------------------------------------------|---------|---------|---------|---------|
|   trunc  |                     trunc_ln53_fu_238                     |    0    |    0    |    0    |    0    |
|          |                     trunc_ln60_fu_250                     |    0    |    0    |    0    |    0    |
|----------|-----------------------------------------------------------|---------|---------|---------|---------|
|bitconcatenate|                        tmp_s_fu_242                       |    0    |    0    |    0    |    0    |
|          |                         tmp_fu_265                        |    0    |    0    |    0    |    0    |
|----------|-----------------------------------------------------------|---------|---------|---------|---------|
|   Total  |                                                           |    40   | 8.03771 |   5699  |   7412  |
|----------|-----------------------------------------------------------|---------|---------|---------|---------|

Memories:
+-------------+--------+--------+--------+--------+
|             |  BRAM  |   FF   |   LUT  |  URAM  |
+-------------+--------+--------+--------+--------+
|   indices   |    2   |    0   |    0   |    0   |
|indices_first|    2   |    0   |    0   |    0   |
+-------------+--------+--------+--------+--------+
|    Total    |    4   |    0   |    0   |    0   |
+-------------+--------+--------+--------+--------+

* Register list:
+------------------------------+--------+
|                              |   FF   |
+------------------------------+--------+
|       add_ln60_reg_342       |   14   |
|      avg_x_1_loc_reg_292     |   64   |
|         avg_x_reg_391        |   64   |
|      avg_y_1_loc_reg_298     |   64   |
|         avg_y_reg_396        |   64   |
|      avg_z_1_loc_reg_304     |   64   |
|         avg_z_reg_401        |   64   |
|         conv1_reg_365        |   64   |
|         conv2_reg_381        |   64   |
|         conv3_reg_386        |   64   |
|          i_1_reg_285         |   32   |
|     indices_addr_reg_322     |   10   |
|  indices_first_addr_reg_327  |   10   |
|   pillar_count_loc_reg_310   |   32   |
|pseudoimage_count_addr_reg_347|   14   |
|pseudoimage_count_load_reg_352|   32   |
|            reg_193           |   64   |
|            reg_199           |   64   |
|          tmp_reg_359         |   20   |
|           x_reg_332          |   32   |
|           y_reg_337          |   32   |
+------------------------------+--------+
|             Total            |   932  |
+------------------------------+--------+

* Multiplexer (MUX) list: 
|----------------------------------------------------|------|------|------|--------||---------||---------||---------|
|                        Comp                        |  Pin | Size |  BW  | S x BW ||  Delay  ||    FF   ||   LUT   |
|----------------------------------------------------|------|------|------|--------||---------||---------||---------|
|                  grp_access_fu_86                  |  p0  |   2  |  10  |   20   ||    0    ||    9    |
|                  grp_access_fu_98                  |  p0  |   2  |  10  |   20   ||    0    ||    9    |
|                  grp_access_fu_111                 |  p0  |   2  |  14  |   28   ||    0    ||    9    |
| grp_calculate_pseudoimage_Pipeline_sum_loop_fu_138 |  p2  |   2  |  20  |   40   ||    0    ||    9    |
|                     grp_fu_162                     |  p0  |   2  |  64  |   128  ||    0    ||    9    |
|                     grp_fu_162                     |  p1  |   2  |  64  |   128  |
|                     grp_fu_167                     |  p0  |   2  |  64  |   128  ||    0    ||    9    |
|                     grp_fu_167                     |  p1  |   2  |  64  |   128  |
|                     grp_fu_186                     |  p0  |   3  |  32  |   96   ||    0    ||    14   |
|----------------------------------------------------|------|------|------|--------||---------||---------||---------|
|                        Total                       |      |      |      |   716  || 4.89257 ||    0    ||    68   |
|----------------------------------------------------|------|------|------|--------||---------||---------||---------|



* Summary:
+-----------+--------+--------+--------+--------+--------+--------+
|           |  BRAM  |   DSP  |  Delay |   FF   |   LUT  |  URAM  |
+-----------+--------+--------+--------+--------+--------+--------+
|  Function |    -   |   40   |    8   |  5699  |  7412  |    -   |
|   Memory  |    4   |    -   |    -   |    0   |    0   |    0   |
|Multiplexer|    -   |    -   |    4   |    0   |   68   |    -   |
|  Register |    -   |    -   |    -   |   932  |    -   |    -   |
+-----------+--------+--------+--------+--------+--------+--------+
|   Total   |    4   |   40   |   12   |  6631  |  7480  |    0   |
+-----------+--------+--------+--------+--------+--------+--------+
