

================================================================
== Vitis HLS Report for 'calculate_pseudoimage_Pipeline_sum_loop'
================================================================
* Date:           Fri Dec 19 23:51:03 2025

* Version:        2025.2 (Build 6295257 on Nov 14 2025)
* Project:        hls_component
* Solution:       hls (Vivado IP Flow Target)
* Product family: kintexu
* Target device:  xcku025-ffva1156-2-e


================================================================
== Performance Estimates
================================================================
+ Timing: 
    * Summary: 
    +--------+----------+-----------+------------+
    |  Clock |  Target  | Estimated | Uncertainty|
    +--------+----------+-----------+------------+
    |ap_clk  |  10.00 ns|  10.676 ns|     2.70 ns|
    +--------+----------+-----------+------------+

+ Latency: 
    * Summary: 
    +---------+---------+----------+----------+-----+-----+-------------------+
    |  Latency (cycles) |  Latency (absolute) |  Interval |      Pipeline     |
    |   min   |   max   |    min   |    max   | min | max |        Type       |
    +---------+---------+----------+----------+-----+-----+-------------------+
    |        ?|        ?|         ?|         ?|    0|    0|  loop pipeline stp|
    +---------+---------+----------+----------+-----+-----+-------------------+

    + Detail: 
        * Instance: 
        N/A

        * Loop: 
        +------------+---------+---------+----------+-----------+-----------+------+----------+
        |            |  Latency (cycles) | Iteration|  Initiation Interval  | Trip |          |
        |  Loop Name |   min   |   max   |  Latency |  achieved |   target  | Count| Pipelined|
        +------------+---------+---------+----------+-----------+-----------+------+----------+
        |- sum_loop  |        ?|        ?|         8|          4|          1|     ?|       yes|
        +------------+---------+---------+----------+-----------+-----------+------+----------+

============================================================
+ Verbose Summary: Synthesis Manager
============================================================
InlineROM: 1
ExposeGlobal: 0
============================================================
+ Verbose Summary: CDFG Model
============================================================
IsTopModel: 0
ResetActiveHigh: 1
IsCombinational: 0
IsDatapathOnly: 0
HasWiredReturn: 1
HasMFsm: 2
HasVarLatency: 1
IsPipeline: 0
IsRtlPipelined: 0
IsInstanceOverlapped: 0
IsDontTouch: 0
HasImplIP: 0
IsGatedGlobalClock: 0

+ Individual pipeline summary: 
  * Pipeline-0: initiation interval (II) = 4, depth = 8


============================================================
+ Verbose Summary: Schedule
============================================================
* Number of FSM states : 8
* Pipeline : 1
  Pipeline-0 : II = 4, D = 8, States = { 1 2 3 4 5 6 7 8 }
* Dataflow Pipeline: 0

* FSM state transitions: 
1 --> 2 
2 --> 3 
3 --> 4 
4 --> 5 
5 --> 6 
6 --> 7 
7 --> 8 
8 --> 

* FSM state operations: 

State 1 <SV = 0> <Delay = 2.56>
ST_1 : Operation 11 [1/1] (0.00ns)   --->   "%avg_x = alloca i32 1" [PFN.cpp:57]   --->   Operation 11 'alloca' 'avg_x' <Predicate = true> <Delay = 0.00>
ST_1 : Operation 12 [1/1] (0.00ns)   --->   "%avg_y = alloca i32 1" [PFN.cpp:58]   --->   Operation 12 'alloca' 'avg_y' <Predicate = true> <Delay = 0.00>
ST_1 : Operation 13 [1/1] (0.00ns)   --->   "%avg_z = alloca i32 1" [PFN.cpp:59]   --->   Operation 13 'alloca' 'avg_z' <Predicate = true> <Delay = 0.00>
ST_1 : Operation 14 [1/1] (0.00ns)   --->   "%j = alloca i32 1" [PFN.cpp:60]   --->   Operation 14 'alloca' 'j' <Predicate = true> <Delay = 0.00>
ST_1 : Operation 15 [1/1] (0.00ns)   --->   "%specinterface_ln0 = specinterface void @_ssdm_op_SpecInterface, i576 %pseudoimage_data, void @empty, i32 0, i32 0, void @empty_0, i32 4294967295, i32 0, void @empty_0, void @empty_0, void @empty_0, i32 0, i32 0, i32 0, i32 0, void @empty_0, void @empty_0, i32 4294967295, i32 0, i32 0, i32 0"   --->   Operation 15 'specinterface' 'specinterface_ln0' <Predicate = true> <Delay = 0.00>
ST_1 : Operation 16 [1/1] (0.00ns)   --->   "%tmp = read i20 @_ssdm_op_Read.ap_auto.i20, i20 %empty"   --->   Operation 16 'read' 'tmp' <Predicate = true> <Delay = 0.00>
ST_1 : Operation 17 [1/1] (0.00ns)   --->   "%pseudoimage_count_load_read = read i32 @_ssdm_op_Read.ap_auto.i32, i32 %pseudoimage_count_load"   --->   Operation 17 'read' 'pseudoimage_count_load_read' <Predicate = true> <Delay = 0.00>
ST_1 : Operation 18 [1/1] (0.53ns)   --->   "%store_ln60 = store i32 0, i32 %j" [PFN.cpp:60]   --->   Operation 18 'store' 'store_ln60' <Predicate = true> <Delay = 0.53>
ST_1 : Operation 19 [1/1] (0.53ns)   --->   "%store_ln59 = store i64 0, i64 %avg_z" [PFN.cpp:59]   --->   Operation 19 'store' 'store_ln59' <Predicate = true> <Delay = 0.53>
ST_1 : Operation 20 [1/1] (0.53ns)   --->   "%store_ln58 = store i64 0, i64 %avg_y" [PFN.cpp:58]   --->   Operation 20 'store' 'store_ln58' <Predicate = true> <Delay = 0.53>
ST_1 : Operation 21 [1/1] (0.53ns)   --->   "%store_ln57 = store i64 0, i64 %avg_x" [PFN.cpp:57]   --->   Operation 21 'store' 'store_ln57' <Predicate = true> <Delay = 0.53>
ST_1 : Operation 22 [1/1] (0.00ns)   --->   "%br_ln0 = br void %for.inc106"   --->   Operation 22 'br' 'br_ln0' <Predicate = true> <Delay = 0.00>
ST_1 : Operation 23 [1/1] (0.00ns)   --->   "%j_1 = load i32 %j" [PFN.cpp:60]   --->   Operation 23 'load' 'j_1' <Predicate = true> <Delay = 0.00>
ST_1 : Operation 24 [1/1] (1.48ns)   --->   "%icmp_ln60 = icmp_eq  i32 %j_1, i32 %pseudoimage_count_load_read" [PFN.cpp:60]   --->   Operation 24 'icmp' 'icmp_ln60' <Predicate = true> <Delay = 1.48> <CoreInst = "Cmp">   --->   Core 9 'Cmp' <Latency = 0> <II = 1> <Delay = 1.48> <FuncUnit> <Opcode : 'seteq' 'setne' 'setle' 'setge' 'setlt' 'setgt'> <InPorts = 2> <OutPorts = 1>
ST_1 : Operation 25 [1/1] (1.48ns)   --->   "%add_ln60 = add i32 %j_1, i32 1" [PFN.cpp:60]   --->   Operation 25 'add' 'add_ln60' <Predicate = true> <Delay = 1.48> <CoreInst = "Adder">   --->   Core 1 'Adder' <Latency = 0> <II = 1> <Delay = 1.48> <FuncUnit> <Opcode : 'add' 'sub'> <InPorts = 2> <OutPorts = 1>
ST_1 : Operation 26 [1/1] (0.00ns)   --->   "%br_ln60 = br i1 %icmp_ln60, void %for.inc106.split, void %assign_loop.exitStub" [PFN.cpp:60]   --->   Operation 26 'br' 'br_ln60' <Predicate = true> <Delay = 0.00>
ST_1 : Operation 27 [1/1] (0.00ns)   --->   "%trunc_ln61 = trunc i32 %j_1" [PFN.cpp:61]   --->   Operation 27 'trunc' 'trunc_ln61' <Predicate = (!icmp_ln60)> <Delay = 0.00>
ST_1 : Operation 28 [1/1] (1.43ns)   --->   "%add_ln61 = add i20 %tmp, i20 %trunc_ln61" [PFN.cpp:61]   --->   Operation 28 'add' 'add_ln61' <Predicate = (!icmp_ln60)> <Delay = 1.43> <CoreInst = "Adder">   --->   Core 1 'Adder' <Latency = 0> <II = 1> <Delay = 1.43> <FuncUnit> <Opcode : 'add' 'sub'> <InPorts = 2> <OutPorts = 1>
ST_1 : Operation 29 [1/1] (0.00ns)   --->   "%zext_ln61 = zext i20 %add_ln61" [PFN.cpp:61]   --->   Operation 29 'zext' 'zext_ln61' <Predicate = (!icmp_ln60)> <Delay = 0.00>
ST_1 : Operation 30 [1/1] (0.00ns)   --->   "%pseudoimage_data_addr = getelementptr i576 %pseudoimage_data, i64 0, i64 %zext_ln61" [PFN.cpp:61]   --->   Operation 30 'getelementptr' 'pseudoimage_data_addr' <Predicate = (!icmp_ln60)> <Delay = 0.00>
ST_1 : Operation 31 [2/2] (0.00ns)   --->   "%pseudoimage_data_load = load i20 %pseudoimage_data_addr" [PFN.cpp:61]   --->   Operation 31 'load' 'pseudoimage_data_load' <Predicate = (!icmp_ln60)> <Delay = 0.00> <CoreInst = "RAM">   --->   Core 82 'RAM' <Latency = 1> <II = 1> <Delay = 1.77> <Storage> <Opcode : 'load' 'store'> <Ports = 2> <Width = 576> <Depth = 1048576> <RAM>
ST_1 : Operation 32 [1/1] (0.53ns)   --->   "%store_ln60 = store i32 %add_ln60, i32 %j" [PFN.cpp:60]   --->   Operation 32 'store' 'store_ln60' <Predicate = (!icmp_ln60)> <Delay = 0.53>

State 2 <SV = 1> <Delay = 5.06>
ST_2 : Operation 33 [1/1] (0.00ns)   --->   "%avg_x_load_1 = load i64 %avg_x" [PFN.cpp:61]   --->   Operation 33 'load' 'avg_x_load_1' <Predicate = (!icmp_ln60)> <Delay = 0.00>
ST_2 : Operation 34 [1/2] ( I:0.00ns O:0.00ns )   --->   "%pseudoimage_data_load = load i20 %pseudoimage_data_addr" [PFN.cpp:61]   --->   Operation 34 'load' 'pseudoimage_data_load' <Predicate = (!icmp_ln60)> <Delay = 0.00> <CoreInst = "RAM">   --->   Core 82 'RAM' <Latency = 1> <II = 1> <Delay = 1.77> <Storage> <Opcode : 'load' 'store'> <Ports = 2> <Width = 576> <Depth = 1048576> <RAM>
ST_2 : Operation 35 [1/1] (0.00ns)   --->   "%trunc_ln61_1 = trunc i576 %pseudoimage_data_load" [PFN.cpp:61]   --->   Operation 35 'trunc' 'trunc_ln61_1' <Predicate = (!icmp_ln60)> <Delay = 0.00>
ST_2 : Operation 36 [1/1] (0.00ns)   --->   "%bitcast_ln61 = bitcast i64 %trunc_ln61_1" [PFN.cpp:61]   --->   Operation 36 'bitcast' 'bitcast_ln61' <Predicate = (!icmp_ln60)> <Delay = 0.00>
ST_2 : Operation 37 [5/5] (5.06ns)   --->   "%avg_x_1 = dadd i64 %avg_x_load_1, i64 %bitcast_ln61" [PFN.cpp:61]   --->   Operation 37 'dadd' 'avg_x_1' <Predicate = (!icmp_ln60)> <Delay = 5.06> <CoreInst = "DAddSub_fulldsp">   --->   Core 37 'DAddSub_fulldsp' <Latency = 4> <II = 1> <Delay = 5.06> <FuncUnit> <Opcode : 'dadd' 'dsub'> <InPorts = 2> <OutPorts = 1>
ST_2 : Operation 38 [1/1] (0.00ns)   --->   "%trunc_ln2 = partselect i64 @_ssdm_op_PartSelect.i64.i576.i32.i32, i576 %pseudoimage_data_load, i32 64, i32 127" [PFN.cpp:62]   --->   Operation 38 'partselect' 'trunc_ln2' <Predicate = (!icmp_ln60)> <Delay = 0.00>
ST_2 : Operation 39 [1/1] (0.00ns)   --->   "%trunc_ln3 = partselect i64 @_ssdm_op_PartSelect.i64.i576.i32.i32, i576 %pseudoimage_data_load, i32 128, i32 191" [PFN.cpp:63]   --->   Operation 39 'partselect' 'trunc_ln3' <Predicate = (!icmp_ln60)> <Delay = 0.00>

State 3 <SV = 2> <Delay = 5.06>
ST_3 : Operation 40 [1/1] (0.00ns)   --->   "%avg_y_load_1 = load i64 %avg_y" [PFN.cpp:62]   --->   Operation 40 'load' 'avg_y_load_1' <Predicate = (!icmp_ln60)> <Delay = 0.00>
ST_3 : Operation 41 [4/5] (5.06ns)   --->   "%avg_x_1 = dadd i64 %avg_x_load_1, i64 %bitcast_ln61" [PFN.cpp:61]   --->   Operation 41 'dadd' 'avg_x_1' <Predicate = (!icmp_ln60)> <Delay = 5.06> <CoreInst = "DAddSub_fulldsp">   --->   Core 37 'DAddSub_fulldsp' <Latency = 4> <II = 1> <Delay = 5.06> <FuncUnit> <Opcode : 'dadd' 'dsub'> <InPorts = 2> <OutPorts = 1>
ST_3 : Operation 42 [1/1] (0.00ns)   --->   "%bitcast_ln62 = bitcast i64 %trunc_ln2" [PFN.cpp:62]   --->   Operation 42 'bitcast' 'bitcast_ln62' <Predicate = (!icmp_ln60)> <Delay = 0.00>
ST_3 : Operation 43 [5/5] (5.06ns)   --->   "%avg_y_1 = dadd i64 %avg_y_load_1, i64 %bitcast_ln62" [PFN.cpp:62]   --->   Operation 43 'dadd' 'avg_y_1' <Predicate = (!icmp_ln60)> <Delay = 5.06> <CoreInst = "DAddSub_fulldsp">   --->   Core 37 'DAddSub_fulldsp' <Latency = 4> <II = 1> <Delay = 5.06> <FuncUnit> <Opcode : 'dadd' 'dsub'> <InPorts = 2> <OutPorts = 1>

State 4 <SV = 3> <Delay = 5.06>
ST_4 : Operation 44 [1/1] (0.00ns)   --->   "%avg_z_load_1 = load i64 %avg_z" [PFN.cpp:63]   --->   Operation 44 'load' 'avg_z_load_1' <Predicate = (!icmp_ln60)> <Delay = 0.00>
ST_4 : Operation 45 [3/5] (5.06ns)   --->   "%avg_x_1 = dadd i64 %avg_x_load_1, i64 %bitcast_ln61" [PFN.cpp:61]   --->   Operation 45 'dadd' 'avg_x_1' <Predicate = (!icmp_ln60)> <Delay = 5.06> <CoreInst = "DAddSub_fulldsp">   --->   Core 37 'DAddSub_fulldsp' <Latency = 4> <II = 1> <Delay = 5.06> <FuncUnit> <Opcode : 'dadd' 'dsub'> <InPorts = 2> <OutPorts = 1>
ST_4 : Operation 46 [4/5] (5.06ns)   --->   "%avg_y_1 = dadd i64 %avg_y_load_1, i64 %bitcast_ln62" [PFN.cpp:62]   --->   Operation 46 'dadd' 'avg_y_1' <Predicate = (!icmp_ln60)> <Delay = 5.06> <CoreInst = "DAddSub_fulldsp">   --->   Core 37 'DAddSub_fulldsp' <Latency = 4> <II = 1> <Delay = 5.06> <FuncUnit> <Opcode : 'dadd' 'dsub'> <InPorts = 2> <OutPorts = 1>
ST_4 : Operation 47 [1/1] (0.00ns)   --->   "%bitcast_ln63 = bitcast i64 %trunc_ln3" [PFN.cpp:63]   --->   Operation 47 'bitcast' 'bitcast_ln63' <Predicate = (!icmp_ln60)> <Delay = 0.00>
ST_4 : Operation 48 [5/5] (5.06ns)   --->   "%avg_z_1 = dadd i64 %avg_z_load_1, i64 %bitcast_ln63" [PFN.cpp:63]   --->   Operation 48 'dadd' 'avg_z_1' <Predicate = (!icmp_ln60)> <Delay = 5.06> <CoreInst = "DAddSub_fulldsp">   --->   Core 37 'DAddSub_fulldsp' <Latency = 4> <II = 1> <Delay = 5.06> <FuncUnit> <Opcode : 'dadd' 'dsub'> <InPorts = 2> <OutPorts = 1>
ST_4 : Operation 64 [1/1] (0.00ns)   --->   "%avg_x_load = load i64 %avg_x"   --->   Operation 64 'load' 'avg_x_load' <Predicate = (icmp_ln60)> <Delay = 0.00>
ST_4 : Operation 65 [1/1] (0.00ns)   --->   "%avg_y_load = load i64 %avg_y"   --->   Operation 65 'load' 'avg_y_load' <Predicate = (icmp_ln60)> <Delay = 0.00>
ST_4 : Operation 66 [1/1] (0.00ns)   --->   "%avg_z_load = load i64 %avg_z"   --->   Operation 66 'load' 'avg_z_load' <Predicate = (icmp_ln60)> <Delay = 0.00>
ST_4 : Operation 67 [1/1] (0.00ns)   --->   "%write_ln0 = write void @_ssdm_op_Write.ap_auto.doubleP0A, i64 %avg_z_1_out, i64 %avg_z_load"   --->   Operation 67 'write' 'write_ln0' <Predicate = (icmp_ln60)> <Delay = 0.00>
ST_4 : Operation 68 [1/1] (0.00ns)   --->   "%write_ln0 = write void @_ssdm_op_Write.ap_auto.doubleP0A, i64 %avg_y_1_out, i64 %avg_y_load"   --->   Operation 68 'write' 'write_ln0' <Predicate = (icmp_ln60)> <Delay = 0.00>
ST_4 : Operation 69 [1/1] (0.00ns)   --->   "%write_ln0 = write void @_ssdm_op_Write.ap_auto.doubleP0A, i64 %avg_x_1_out, i64 %avg_x_load"   --->   Operation 69 'write' 'write_ln0' <Predicate = (icmp_ln60)> <Delay = 0.00>
ST_4 : Operation 70 [1/1] (0.53ns)   --->   "%ret_ln0 = ret"   --->   Operation 70 'ret' 'ret_ln0' <Predicate = (icmp_ln60)> <Delay = 0.53>

State 5 <SV = 4> <Delay = 5.06>
ST_5 : Operation 49 [2/5] (5.06ns)   --->   "%avg_x_1 = dadd i64 %avg_x_load_1, i64 %bitcast_ln61" [PFN.cpp:61]   --->   Operation 49 'dadd' 'avg_x_1' <Predicate = true> <Delay = 5.06> <CoreInst = "DAddSub_fulldsp">   --->   Core 37 'DAddSub_fulldsp' <Latency = 4> <II = 1> <Delay = 5.06> <FuncUnit> <Opcode : 'dadd' 'dsub'> <InPorts = 2> <OutPorts = 1>
ST_5 : Operation 50 [3/5] (5.06ns)   --->   "%avg_y_1 = dadd i64 %avg_y_load_1, i64 %bitcast_ln62" [PFN.cpp:62]   --->   Operation 50 'dadd' 'avg_y_1' <Predicate = true> <Delay = 5.06> <CoreInst = "DAddSub_fulldsp">   --->   Core 37 'DAddSub_fulldsp' <Latency = 4> <II = 1> <Delay = 5.06> <FuncUnit> <Opcode : 'dadd' 'dsub'> <InPorts = 2> <OutPorts = 1>
ST_5 : Operation 51 [4/5] (5.06ns)   --->   "%avg_z_1 = dadd i64 %avg_z_load_1, i64 %bitcast_ln63" [PFN.cpp:63]   --->   Operation 51 'dadd' 'avg_z_1' <Predicate = true> <Delay = 5.06> <CoreInst = "DAddSub_fulldsp">   --->   Core 37 'DAddSub_fulldsp' <Latency = 4> <II = 1> <Delay = 5.06> <FuncUnit> <Opcode : 'dadd' 'dsub'> <InPorts = 2> <OutPorts = 1>

State 6 <SV = 5> <Delay = 10.6>
ST_6 : Operation 52 [1/5] (5.06ns)   --->   "%avg_x_1 = dadd i64 %avg_x_load_1, i64 %bitcast_ln61" [PFN.cpp:61]   --->   Operation 52 'dadd' 'avg_x_1' <Predicate = true> <Delay = 5.06> <CoreInst = "DAddSub_fulldsp">   --->   Core 37 'DAddSub_fulldsp' <Latency = 4> <II = 1> <Delay = 5.06> <FuncUnit> <Opcode : 'dadd' 'dsub'> <InPorts = 2> <OutPorts = 1>
ST_6 : Operation 53 [2/5] (5.06ns)   --->   "%avg_y_1 = dadd i64 %avg_y_load_1, i64 %bitcast_ln62" [PFN.cpp:62]   --->   Operation 53 'dadd' 'avg_y_1' <Predicate = true> <Delay = 5.06> <CoreInst = "DAddSub_fulldsp">   --->   Core 37 'DAddSub_fulldsp' <Latency = 4> <II = 1> <Delay = 5.06> <FuncUnit> <Opcode : 'dadd' 'dsub'> <InPorts = 2> <OutPorts = 1>
ST_6 : Operation 54 [3/5] (5.06ns)   --->   "%avg_z_1 = dadd i64 %avg_z_load_1, i64 %bitcast_ln63" [PFN.cpp:63]   --->   Operation 54 'dadd' 'avg_z_1' <Predicate = true> <Delay = 5.06> <CoreInst = "DAddSub_fulldsp">   --->   Core 37 'DAddSub_fulldsp' <Latency = 4> <II = 1> <Delay = 5.06> <FuncUnit> <Opcode : 'dadd' 'dsub'> <InPorts = 2> <OutPorts = 1>
ST_6 : Operation 55 [1/1] (0.53ns)   --->   "%store_ln57 = store i64 %avg_x_1, i64 %avg_x" [PFN.cpp:57]   --->   Operation 55 'store' 'store_ln57' <Predicate = true> <Delay = 0.53>

State 7 <SV = 6> <Delay = 10.6>
ST_7 : Operation 56 [1/5] (5.06ns)   --->   "%avg_y_1 = dadd i64 %avg_y_load_1, i64 %bitcast_ln62" [PFN.cpp:62]   --->   Operation 56 'dadd' 'avg_y_1' <Predicate = true> <Delay = 5.06> <CoreInst = "DAddSub_fulldsp">   --->   Core 37 'DAddSub_fulldsp' <Latency = 4> <II = 1> <Delay = 5.06> <FuncUnit> <Opcode : 'dadd' 'dsub'> <InPorts = 2> <OutPorts = 1>
ST_7 : Operation 57 [2/5] (5.06ns)   --->   "%avg_z_1 = dadd i64 %avg_z_load_1, i64 %bitcast_ln63" [PFN.cpp:63]   --->   Operation 57 'dadd' 'avg_z_1' <Predicate = true> <Delay = 5.06> <CoreInst = "DAddSub_fulldsp">   --->   Core 37 'DAddSub_fulldsp' <Latency = 4> <II = 1> <Delay = 5.06> <FuncUnit> <Opcode : 'dadd' 'dsub'> <InPorts = 2> <OutPorts = 1>
ST_7 : Operation 58 [1/1] (0.53ns)   --->   "%store_ln58 = store i64 %avg_y_1, i64 %avg_y" [PFN.cpp:58]   --->   Operation 58 'store' 'store_ln58' <Predicate = true> <Delay = 0.53>

State 8 <SV = 7> <Delay = 10.6>
ST_8 : Operation 59 [1/1] (0.00ns)   --->   "%specpipeline_ln57 = specpipeline void @_ssdm_op_SpecPipeline, i32 4294967295, i32 0, i32 0, i32 0, i32 4294967295, void @empty_0" [PFN.cpp:57]   --->   Operation 59 'specpipeline' 'specpipeline_ln57' <Predicate = true> <Delay = 0.00>
ST_8 : Operation 60 [1/1] (0.00ns)   --->   "%specloopname_ln60 = specloopname void @_ssdm_op_SpecLoopName, void @empty_2" [PFN.cpp:60]   --->   Operation 60 'specloopname' 'specloopname_ln60' <Predicate = true> <Delay = 0.00>
ST_8 : Operation 61 [1/5] (5.06ns)   --->   "%avg_z_1 = dadd i64 %avg_z_load_1, i64 %bitcast_ln63" [PFN.cpp:63]   --->   Operation 61 'dadd' 'avg_z_1' <Predicate = true> <Delay = 5.06> <CoreInst = "DAddSub_fulldsp">   --->   Core 37 'DAddSub_fulldsp' <Latency = 4> <II = 1> <Delay = 5.06> <FuncUnit> <Opcode : 'dadd' 'dsub'> <InPorts = 2> <OutPorts = 1>
ST_8 : Operation 62 [1/1] (0.53ns)   --->   "%store_ln59 = store i64 %avg_z_1, i64 %avg_z" [PFN.cpp:59]   --->   Operation 62 'store' 'store_ln59' <Predicate = true> <Delay = 0.53>
ST_8 : Operation 63 [1/1] (0.00ns)   --->   "%br_ln60 = br void %for.inc106" [PFN.cpp:60]   --->   Operation 63 'br' 'br_ln60' <Predicate = true> <Delay = 0.00>


============================================================
+ Verbose Summary: Timing violations
============================================================
Target clock period: 10.000ns, clock uncertainty: 2.700ns.

 <State 1>: 2.562ns
The critical path consists of the following:
	'store' operation ('store_ln60', PFN.cpp:60) of constant 0 32 bit on local variable 'j', PFN.cpp:60 [14]  (0.538 ns)
	'load' operation 32 bit ('j', PFN.cpp:60) on local variable 'j', PFN.cpp:60 [20]  (0.000 ns)
	'add' operation 32 bit ('add_ln60', PFN.cpp:60) [22]  (1.486 ns)
	'store' operation ('store_ln60', PFN.cpp:60) of variable 'add_ln60', PFN.cpp:60 32 bit on local variable 'j', PFN.cpp:60 [44]  (0.538 ns)

 <State 2>: 5.069ns
The critical path consists of the following:
	'load' operation 64 bit ('avg_x_load_1', PFN.cpp:61) on local variable 'avg_x', PFN.cpp:57 [25]  (0.000 ns)
	'dadd' operation 64 bit ('avg_x', PFN.cpp:61) [37]  (5.069 ns)

 <State 3>: 5.069ns
The critical path consists of the following:
	'dadd' operation 64 bit ('avg_x', PFN.cpp:61) [37]  (5.069 ns)

 <State 4>: 5.069ns
The critical path consists of the following:
	'dadd' operation 64 bit ('avg_x', PFN.cpp:61) [37]  (5.069 ns)

 <State 5>: 5.069ns
The critical path consists of the following:
	'dadd' operation 64 bit ('avg_x', PFN.cpp:61) [37]  (5.069 ns)

 <State 6>: 10.676ns
The critical path consists of the following:
	'dadd' operation 64 bit ('avg_x', PFN.cpp:61) [37]  (5.069 ns)
	'store' operation ('store_ln57', PFN.cpp:57) of variable 'avg_x', PFN.cpp:61 64 bit on local variable 'avg_x', PFN.cpp:57 [47]  (0.538 ns)
	'load' operation 64 bit ('avg_x_load_1', PFN.cpp:61) on local variable 'avg_x', PFN.cpp:57 [25]  (0.000 ns)
	'dadd' operation 64 bit ('avg_x', PFN.cpp:61) [37]  (5.069 ns)

 <State 7>: 10.676ns
The critical path consists of the following:
	'dadd' operation 64 bit ('avg_y', PFN.cpp:62) [40]  (5.069 ns)
	'store' operation ('store_ln58', PFN.cpp:58) of variable 'avg_y', PFN.cpp:62 64 bit on local variable 'avg_y', PFN.cpp:58 [46]  (0.538 ns)
	'load' operation 64 bit ('avg_y_load_1', PFN.cpp:62) on local variable 'avg_y', PFN.cpp:58 [26]  (0.000 ns)
	'dadd' operation 64 bit ('avg_y', PFN.cpp:62) [40]  (5.069 ns)

 <State 8>: 10.676ns
The critical path consists of the following:
	'dadd' operation 64 bit ('avg_z', PFN.cpp:63) [43]  (5.069 ns)
	'store' operation ('store_ln59', PFN.cpp:59) of variable 'avg_z', PFN.cpp:63 64 bit on local variable 'avg_z', PFN.cpp:59 [45]  (0.538 ns)
	'load' operation 64 bit ('avg_z_load_1', PFN.cpp:63) on local variable 'avg_z', PFN.cpp:59 [27]  (0.000 ns)
	'dadd' operation 64 bit ('avg_z', PFN.cpp:63) [43]  (5.069 ns)


============================================================
+ Verbose Summary: Binding
============================================================
N/A
* FSMD analyzer results:
  - Output states:
 - Input state : 
  - Chain level:
	State 1
	State 2
	State 3
	State 4
	State 5
	State 6
	State 7
	State 8


============================================================
+ Verbose Summary: Datapath Resource usage 
============================================================
N/A
